Archive member included to satisfy reference by file (symbol)

../libDaisy/build\libdaisy.a(daisy_seed.o)
                              build/dualLooper.o (daisy::DaisySeed::StartAudio(void (*)(float const* const*, float**, unsigned int)))
../libDaisy/build\libdaisy.a(codec_ak4556.o)
                              ../libDaisy/build\libdaisy.a(daisy_seed.o) (daisy::Ak4556::Init(daisy::Pin))
../libDaisy/build\libdaisy.a(codec_wm8731.o)
                              ../libDaisy/build\libdaisy.a(daisy_seed.o) (daisy::Wm8731::Init(daisy::Wm8731::Config const&, daisy::I2CHandle))
../libDaisy/build\libdaisy.a(sdram.o)
                              ../libDaisy/build\libdaisy.a(daisy_seed.o) (SdramHandle::Init())
../libDaisy/build\libdaisy.a(audio.o)
                              ../libDaisy/build\libdaisy.a(daisy_seed.o) (daisy::AudioHandle::Init(daisy::AudioHandle::Config const&, daisy::SaiHandle))
../libDaisy/build\libdaisy.a(ctrl.o)
                              build/dualLooper.o (daisy::AnalogControl::Init(unsigned short*, float, bool, bool, float))
../libDaisy/build\libdaisy.a(parameter.o)
                              build/dualLooper.o (daisy::Parameter::Init(daisy::AnalogControl, float, float, daisy::Parameter::Curve))
../libDaisy/build\libdaisy.a(switch.o)
                              build/dualLooper.o (daisy::Switch::Init(daisy::Pin, float, daisy::Switch::Type, daisy::Switch::Polarity, daisy::GPIO::Pull))
../libDaisy/build\libdaisy.a(adc.o)
                              build/dualLooper.o (daisy::AdcChannelConfig::InitSingle(daisy::Pin, daisy::AdcChannelConfig::ConversionSpeed))
../libDaisy/build\libdaisy.a(gpio.o)
                              ../libDaisy/build\libdaisy.a(daisy_seed.o) (daisy::GPIO::Init(daisy::GPIO::Config const&))
../libDaisy/build\libdaisy.a(i2c.o)
                              ../libDaisy/build\libdaisy.a(daisy_seed.o) (daisy::I2CHandle::Init(daisy::I2CHandle::Config const&))
../libDaisy/build\libdaisy.a(qspi.o)
                              ../libDaisy/build\libdaisy.a(daisy_seed.o) (daisy::QSPIHandle::Init(daisy::QSPIHandle::Config const&))
../libDaisy/build\libdaisy.a(sai.o)
                              ../libDaisy/build\libdaisy.a(daisy_seed.o) (daisy::SaiHandle::Init(daisy::SaiHandle::Config const&))
../libDaisy/build\libdaisy.a(system.o)
                              ../libDaisy/build\libdaisy.a(daisy_seed.o) (daisy::System::DeInit())
../libDaisy/build\libdaisy.a(system_stm32h7xx.o)
                              build/startup_stm32h750xx.o (SystemInit)
../libDaisy/build\libdaisy.a(usbd_conf.o)
                              ../libDaisy/build\libdaisy.a(system.o) (hpcd_USB_OTG_HS)
../libDaisy/build\libdaisy.a(usbh_conf.o)
                              ../libDaisy/build\libdaisy.a(system.o) (hhcd_USB_OTG_HS)
../libDaisy/build\libdaisy.a(stm32h7xx_hal.o)
                              ../libDaisy/build\libdaisy.a(system.o) (HAL_Init)
../libDaisy/build\libdaisy.a(stm32h7xx_hal_adc.o)
                              ../libDaisy/build\libdaisy.a(adc.o) (HAL_ADC_ConfigChannel)
../libDaisy/build\libdaisy.a(stm32h7xx_hal_adc_ex.o)
                              ../libDaisy/build\libdaisy.a(adc.o) (HAL_ADCEx_Calibration_Start)
../libDaisy/build\libdaisy.a(stm32h7xx_hal_cortex.o)
                              ../libDaisy/build\libdaisy.a(stm32h7xx_hal.o) (HAL_NVIC_SetPriorityGrouping)
../libDaisy/build\libdaisy.a(stm32h7xx_hal_dma.o)
                              ../libDaisy/build\libdaisy.a(adc.o) (HAL_DMA_Init)
../libDaisy/build\libdaisy.a(stm32h7xx_hal_gpio.o)
                              ../libDaisy/build\libdaisy.a(sdram.o) (HAL_GPIO_Init)
../libDaisy/build\libdaisy.a(stm32h7xx_hal_hcd.o)
                              ../libDaisy/build\libdaisy.a(usbh_conf.o) (HAL_HCD_HC_Init)
../libDaisy/build\libdaisy.a(stm32h7xx_hal_i2c.o)
                              ../libDaisy/build\libdaisy.a(i2c.o) (HAL_I2C_Init)
../libDaisy/build\libdaisy.a(stm32h7xx_hal_i2c_ex.o)
                              ../libDaisy/build\libdaisy.a(i2c.o) (HAL_I2CEx_ConfigAnalogFilter)
../libDaisy/build\libdaisy.a(stm32h7xx_hal_pcd.o)
                              ../libDaisy/build\libdaisy.a(usbd_conf.o) (HAL_PCD_Init)
../libDaisy/build\libdaisy.a(stm32h7xx_hal_pcd_ex.o)
                              ../libDaisy/build\libdaisy.a(usbd_conf.o) (HAL_PCDEx_SetTxFiFo)
../libDaisy/build\libdaisy.a(stm32h7xx_hal_pwr_ex.o)
                              ../libDaisy/build\libdaisy.a(system.o) (HAL_PWREx_ConfigSupply)
../libDaisy/build\libdaisy.a(stm32h7xx_hal_qspi.o)
                              ../libDaisy/build\libdaisy.a(qspi.o) (HAL_QSPI_Init)
../libDaisy/build\libdaisy.a(stm32h7xx_hal_rcc.o)
                              ../libDaisy/build\libdaisy.a(system.o) (HAL_RCC_OscConfig)
../libDaisy/build\libdaisy.a(stm32h7xx_hal_rcc_ex.o)
                              ../libDaisy/build\libdaisy.a(system.o) (HAL_RCCEx_PeriphCLKConfig)
../libDaisy/build\libdaisy.a(stm32h7xx_hal_sai.o)
[...]
Memory Configuration

Name             Origin             Length             Attributes
FLASH            0x08000000         0x00020000         xr
DTCMRAM          0x20000000         0x00020000         xrw
SRAM             0x24000000         0x00080000         xrw
RAM_D2           0x30000000         0x00048000         xrw
RAM_D3           0x38000000         0x00010000         xrw
BACKUP_SRAM      0x38800000         0x00001000         xrw
ITCMRAM          0x00000000         0x00010000         xrw
SDRAM            0xc0000000         0x04000000         xrw
QSPIFLASH        0x90000000         0x00800000         xr
*default*        0x00000000         0xffffffff

Linker script and memory map

LOAD c:/bin/daisytoolchain/bin/../lib/gcc/arm-none-eabi/10.2.1/thumb/v7e-m+dp/hard/crti.o
LOAD c:/bin/daisytoolchain/bin/../lib/gcc/arm-none-eabi/10.2.1/thumb/v7e-m+dp/hard/crtbegin.o
LOAD c:/bin/daisytoolchain/bin/../lib/gcc/arm-none-eabi/10.2.1/../../../../arm-none-eabi/lib/thumb/v7e-m+dp/hard/crt0.o
LOAD build/startup_stm32h750xx.o
LOAD build/dualLooper.o
LOAD ../libDaisy/build\libdaisy.a
LOAD c:/bin/daisytoolchain/bin/../lib/gcc/arm-none-eabi/10.2.1/../../../../arm-none-eabi/lib/thumb/v7e-m+dp/hard\libnosys.a
LOAD ../DaisySP/build\libdaisysp.a
LOAD ../DaisySP/DaisySP-LGPL/build\libdaisysp-lgpl.a
LOAD c:/bin/daisytoolchain/bin/../lib/gcc/arm-none-eabi/10.2.1/../../../../arm-none-eabi/lib/thumb/v7e-m+dp/hard\libstdc++_nano.a
LOAD c:/bin/daisytoolchain/bin/../lib/gcc/arm-none-eabi/10.2.1/../../../../arm-none-eabi/lib/thumb/v7e-m+dp/hard\libm.a
LOAD c:/bin/daisytoolchain/bin/../lib/gcc/arm-none-eabi/10.2.1/../../../../arm-none-eabi/lib/thumb/v7e-m+dp/hard\libc_nano.a
START GROUP
LOAD c:/bin/daisytoolchain/bin/../lib/gcc/arm-none-eabi/10.2.1/thumb/v7e-m+dp/hard\libgcc.a
LOAD c:/bin/daisytoolchain/bin/../lib/gcc/arm-none-eabi/10.2.1/../../../../arm-none-eabi/lib/thumb/v7e-m+dp/hard\libc_nano.a
END GROUP
START GROUP
LOAD c:/bin/daisytoolchain/bin/../lib/gcc/arm-none-eabi/10.2.1/thumb/v7e-m+dp/hard\libgcc.a
LOAD c:/bin/daisytoolchain/bin/../lib/gcc/arm-none-eabi/10.2.1/../../../../arm-none-eabi/lib/thumb/v7e-m+dp/hard\libc_nano.a
LOAD c:/bin/daisytoolchain/bin/../lib/gcc/arm-none-eabi/10.2.1/../../../../arm-none-eabi/lib/thumb/v7e-m+dp/hard\libnosys.a
END GROUP
START GROUP
LOAD c:/bin/daisytoolchain/bin/../lib/gcc/arm-none-eabi/10.2.1/thumb/v7e-m+dp/hard\libgcc.a
LOAD c:/bin/daisytoolchain/bin/../lib/gcc/arm-none-eabi/10.2.1/../../../../arm-none-eabi/lib/thumb/v7e-m+dp/hard\libc_nano.a
LOAD c:/bin/daisytoolchain/bin/../lib/gcc/arm-none-eabi/10.2.1/../../../../arm-none-eabi/lib/thumb/v7e-m+dp/hard\libnosys.a
END GROUP
LOAD c:/bin/daisytoolchain/bin/../lib/gcc/arm-none-eabi/10.2.1/thumb/v7e-m+dp/hard/crtend.o
LOAD c:/bin/daisytoolchain/bin/../lib/gcc/arm-none-eabi/10.2.1/thumb/v7e-m+dp/hard/crtn.o
                0x20020000                _estack = 0x20020000

.isr_vector     0x08000000      0x298
                0x08000000                . = ALIGN (0x4)
 *(.isr_vector)
 .isr_vector    0x08000000      0x298 build/startup_stm32h750xx.o
                0x08000000                g_pfnVectors
                0x08000298                . = ALIGN (0x4)

.text           0x08000298    0x14268
                0x08000298                . = ALIGN (0x4)
                0x08000298                _stext = .
 *(.text)
 .text          0x08000298       0x40 c:/bin/daisytoolchain/bin/../lib/gcc/arm-none-eabi/10.2.1/thumb/v7e-m+dp/hard/crtbegin.o
 .text          0x080002d8      0x378 c:/bin/daisytoolchain/bin/../lib/gcc/arm-none-eabi/10.2.1/thumb/v7e-m+dp/hard\libgcc.a(_arm_addsubdf3.o)
                0x080002d8                __aeabi_drsub
                0x080002e0                __aeabi_dsub
                0x080002e0                __subdf3
                0x080002e4                __aeabi_dadd
                0x080002e4                __adddf3
                0x0800055c                __floatunsidf
                0x0800055c                __aeabi_ui2d
                0x0800057c                __floatsidf
                0x0800057c                __aeabi_i2d
                0x080005a0                __aeabi_f2d
                0x080005a0                __extendsfdf2
                0x080005e4                __floatundidf
                0x080005e4                __aeabi_ul2d
                0x080005f4                __floatdidf
                0x080005f4                __aeabi_l2d
 .text          0x08000650       0x30 c:/bin/daisytoolchain/bin/../lib/gcc/arm-none-eabi/10.2.1/thumb/v7e-m+dp/hard\libgcc.a(_aeabi_uldivmod.o)
                0x08000650                __aeabi_uldivmod
 .text          0x08000680      0x2d0 c:/bin/daisytoolchain/bin/../lib/gcc/arm-none-eabi/10.2.1/thumb/v7e-m+dp/hard\libgcc.a(_udivmoddi4.o)
                0x08000680                __udivmoddi4
 .text          0x08000950        0x4 c:/bin/daisytoolchain/bin/../lib/gcc/arm-none-eabi/10.2.1/thumb/v7e-m+dp/hard\libgcc.a(_dvmd_tls.o)
                0x08000950                __aeabi_idiv0
                0x08000950                __aeabi_ldiv0
 *(.text*)
 .text.Default_Handler
                0x08000954        0xa build/startup_stm32h750xx.o
                0x08000954                RTC_Alarm_IRQHandler
                0x08000954                HASH_RNG_IRQHandler
                0x08000954                EXTI2_IRQHandler
                0x08000954                TIM8_CC_IRQHandler
                0x08000954                HRTIM1_Master_IRQHandler
                0x08000954                DebugMon_Handler
                0x08000954                TIM1_CC_IRQHandler
                0x08000954                BDMA_Channel6_IRQHandler
                0x08000954                DMA2_Stream5_IRQHandler
                0x08000954                HRTIM1_FLT_IRQHandler
                0x08000954                JPEG_IRQHandler
                0x08000954                BDMA_Channel1_IRQHandler
                0x08000954                HRTIM1_TIMD_IRQHandler
                0x08000954                TAMP_STAMP_IRQHandler
                0x08000954                PendSV_Handler
                0x08000954                NMI_Handler
                0x08000954                EXTI3_IRQHandler
                0x08000954                LPTIM4_IRQHandler
                0x08000954                TIM8_TRG_COM_TIM14_IRQHandler
                0x08000954                LPTIM2_IRQHandler
                0x08000954                DFSDM1_FLT1_IRQHandler
                0x08000954                DMAMUX2_OVR_IRQHandler
                0x08000954                TIM8_UP_TIM13_IRQHandler
                0x08000954                I2C3_ER_IRQHandler
                0x08000954                DFSDM1_FLT2_IRQHandler
                0x08000954                MDMA_IRQHandler
                0x08000954                LPTIM3_IRQHandler
                0x08000954                HSEM1_IRQHandler
                0x08000954                EXTI0_IRQHandler
                0x08000954                FPU_IRQHandler
                0x08000954                OTG_HS_WKUP_IRQHandler
                0x08000954                FDCAN1_IT1_IRQHandler
                0x08000954                UsageFault_Handler
                0x08000954                LTDC_ER_IRQHandler
                0x08000954                HRTIM1_TIME_IRQHandler
                0x08000954                TIM6_DAC_IRQHandler
                0x08000954                DCMI_IRQHandler
                0x08000954                HRTIM1_TIMC_IRQHandler
                0x08000954                SAI2_IRQHandler
                0x08000954                DFSDM1_FLT3_IRQHandler
                0x08000954                TIM17_IRQHandler
                0x08000954                CRYP_IRQHandler
                0x08000954                BDMA_Channel7_IRQHandler
                0x08000954                LPTIM5_IRQHandler
                0x08000954                ADC3_IRQHandler
                0x08000954                DMA2_Stream0_IRQHandler
                0x08000954                BDMA_Channel2_IRQHandler
                0x08000954                DMAMUX1_OVR_IRQHandler
                0x08000954                TIM16_IRQHandler
                0x08000954                BDMA_Channel5_IRQHandler
                0x08000954                RCC_IRQHandler
                0x08000954                TIM8_BRK_TIM12_IRQHandler
                0x08000954                TIM1_TRG_COM_IRQHandler
                0x08000954                Default_Handler
                0x08000954                ECC_IRQHandler
                0x08000954                CEC_IRQHandler
                0x08000954                EXTI15_10_IRQHandler
                0x08000954                BDMA_Channel0_IRQHandler
                0x08000954                ADC_IRQHandler
                0x08000954                DMA1_Stream7_IRQHandler
                0x08000954                HRTIM1_TIMA_IRQHandler
                0x08000954                TIM7_IRQHandler
                0x08000954                SDMMC1_IRQHandler
                0x08000954                DMA2_Stream7_IRQHandler
                0x08000954                TIM15_IRQHandler
                0x08000954                PVD_AVD_IRQHandler
                0x08000954                EXTI9_5_IRQHandler
                0x08000954                RTC_WKUP_IRQHandler
                0x08000954                LTDC_IRQHandler
                0x08000954                SAI3_IRQHandler
                0x08000954                ETH_WKUP_IRQHandler
                0x08000954                SPDIF_RX_IRQHandler
                0x08000954                MemManage_Handler
                0x08000954                SVC_Handler
                0x08000954                CRS_IRQHandler
                0x08000954                EXTI4_IRQHandler
                0x08000954                HRTIM1_TIMB_IRQHandler
                0x08000954                FDCAN2_IT1_IRQHandler
                0x08000954                ETH_IRQHandler
                0x08000954                TIM1_UP_IRQHandler
                0x08000954                BDMA_Channel4_IRQHandler
                0x08000954                WWDG_IRQHandler
                0x08000954                SPI6_IRQHandler
                0x08000954                I2C4_EV_IRQHandler
                0x08000954                MDIOS_IRQHandler
                0x08000954                FDCAN2_IT0_IRQHandler
                0x08000954                FDCAN1_IT0_IRQHandler
                0x08000954                OTG_FS_WKUP_IRQHandler
                0x08000954                DMA2D_IRQHandler
                0x08000954                TIM1_BRK_IRQHandler
                0x08000954                EXTI1_IRQHandler
                0x08000954                SDMMC2_IRQHandler
                0x08000954                OTG_FS_EP1_OUT_IRQHandler
                0x08000954                BDMA_Channel3_IRQHandler
                0x08000954                MDIOS_WKUP_IRQHandler
                0x08000954                DFSDM1_FLT0_IRQHandler
                0x08000954                SAI4_IRQHandler
                0x08000954                I2C2_ER_IRQHandler
                0x08000954                DMA2_Stream1_IRQHandler
                0x08000954                FLASH_IRQHandler
                0x08000954                BusFault_Handler
                0x08000954                OTG_FS_IRQHandler
                0x08000954                WAKEUP_PIN_IRQHandler
                0x08000954                OTG_FS_EP1_IN_IRQHandler
                0x08000954                I2C1_ER_IRQHandler
                0x08000954                FMC_IRQHandler
                0x08000954                FDCAN_CAL_IRQHandler
                0x08000954                SWPMI1_IRQHandler
                0x08000954                COMP1_IRQHandler
                0x08000954                LPTIM1_IRQHandler
                0x08000954                I2C4_ER_IRQHandler
                0x08000954                DMA2_Stream6_IRQHandler
                0x08000954                SAI1_IRQHandler
 *fill*         0x0800095e        0x2 
 .text.Reset_Handler
                0x08000960       0x54 build/startup_stm32h750xx.o
                0x08000960                Reset_Handler
 .text._ZN5daisy6SwitchD2Ev
                0x080009b4        0x2 build/dualLooper.o
                0x080009b4                daisy::Switch::~Switch()
                0x080009b4                daisy::Switch::~Switch()
 .text._ZN5daisy13AnalogControlD2Ev
                0x080009b6        0x2 build/dualLooper.o
                0x080009b6                daisy::AnalogControl::~AnalogControl()
                0x080009b6                daisy::AnalogControl::~AnalogControl()
 .text._ZN5daisy9ParameterD2Ev
                0x080009b8        0x2 build/dualLooper.o
                0x080009b8                daisy::Parameter::~Parameter()
                0x080009b8                daisy::Parameter::~Parameter()
 .text._ZN5daisy9DaisySeedD2Ev
                0x080009ba        0x2 build/dualLooper.o
                0x080009ba                daisy::DaisySeed::~DaisySeed()
                0x080009ba                daisy::DaisySeed::~DaisySeed()
 .text._ZN7daisysp10OscillatorD2Ev
                0x080009bc        0x2 build/dualLooper.o
                0x080009bc                daisysp::Oscillator::~Oscillator()
                0x080009bc                daisysp::Oscillator::~Oscillator()
 .text._ZN7daisysp14varSpeedLooperD2Ev
                0x080009be        0x2 build/dualLooper.o
                0x080009be                daisysp::varSpeedLooper::~varSpeedLooper()
                0x080009be                daisysp::varSpeedLooper::~varSpeedLooper()
 .text._ZL16HandleFootswitchRN7daisysp14varSpeedLooperERN5daisy6SwitchERbS5_RiS5_RNS2_4GPIOERNS_10OscillatorE
                0x080009c0      0x1a0 build/dualLooper.o
 .text._ZN7daisysp14varSpeedLooper7ProcessEf
                0x08000b60      0x27c build/dualLooper.o
                0x08000b60                daisysp::varSpeedLooper::Process(float)
 .text._ZL13AudioCallbackPKPKfPPfj
                0x08000ddc      0x520 build/dualLooper.o
 .text.main     0x080012fc      0x374 build/dualLooper.o
                0x080012fc                main
 .text._GLOBAL__sub_I_hw
                0x08001670      0x19c build/dualLooper.o
 .text._ZN5daisy9DaisySeed10StartAudioEPFvPKPKfPPfjE
                0x0800180c        0x8 ../libDaisy/build\libdaisy.a(daisy_seed.o)
                0x0800180c                daisy::DaisySeed::StartAudio(void (*)(float const* const*, float**, unsigned int))
 .text._ZN5daisy9DaisySeed18SetAudioSampleRateENS_9SaiHandle6Config10SampleRateE
                0x08001814       0x38 ../libDaisy/build\libdaisy.a(daisy_seed.o)
                0x08001814                daisy::DaisySeed::SetAudioSampleRate(daisy::SaiHandle::Config::SampleRate)
 .text._ZN5daisy9DaisySeed15AudioSampleRateEv
                0x0800184c        0x8 ../libDaisy/build\libdaisy.a(daisy_seed.o)
                0x0800184c                daisy::DaisySeed::AudioSampleRate()
 .text._ZN5daisy9DaisySeed17SetAudioBlockSizeEj
                0x08001854       0x38 ../libDaisy/build\libdaisy.a(daisy_seed.o)
                0x08001854                daisy::DaisySeed::SetAudioBlockSize(unsigned int)
 .text._ZNK5daisy9DaisySeed17AudioCallbackRateEv
                0x0800188c        0x8 ../libDaisy/build\libdaisy.a(daisy_seed.o)
                0x0800188c                daisy::DaisySeed::AudioCallbackRate() const
 .text._ZN5daisy9DaisySeed17CheckBoardVersionEv
                0x08001894       0x6c ../libDaisy/build\libdaisy.a(daisy_seed.o)
                0x08001894                daisy::DaisySeed::CheckBoardVersion()
 .text._ZN5daisy9DaisySeed14ConfigureAudioEv
                0x08001900      0x110 ../libDaisy/build\libdaisy.a(daisy_seed.o)
                0x08001900                daisy::DaisySeed::ConfigureAudio()
 .text._ZN5daisy9DaisySeed4InitEb
                0x08001a10      0x104 ../libDaisy/build\libdaisy.a(daisy_seed.o)
                0x08001a10                daisy::DaisySeed::Init(bool)
 .text._ZN5daisy6Ak45564InitENS_3PinE
                0x08001b14       0x44 ../libDaisy/build\libdaisy.a(codec_ak4556.o)
                0x08001b14                daisy::Ak4556::Init(daisy::Pin)
 .text._ZN5daisy6Wm873120WriteControlRegisterEht
                0x08001b58       0x3c ../libDaisy/build\libdaisy.a(codec_wm8731.o)
                0x08001b58                daisy::Wm8731::WriteControlRegister(unsigned char, unsigned short)
 .text._ZN5daisy6Wm87314InitERKNS0_6ConfigENS_9I2CHandleE
                0x08001b94      0x1bc ../libDaisy/build\libdaisy.a(codec_wm8731.o)
                0x08001b94                daisy::Wm8731::Init(daisy::Wm8731::Config const&, daisy::I2CHandle)
 .text._ZN11SdramHandle10DeviceInitEv
                0x08001d50       0x98 ../libDaisy/build\libdaisy.a(sdram.o)
                0x08001d50                SdramHandle::DeviceInit()
 .text._ZN11SdramHandle4InitEv
                0x08001de8       0x7c ../libDaisy/build\libdaisy.a(sdram.o)
                0x08001de8                SdramHandle::Init()
 .text.HAL_SDRAM_MspInit
                0x08001e64      0x1a8 ../libDaisy/build\libdaisy.a(sdram.o)
                0x08001e64                HAL_SDRAM_MspInit
 .text._ZN5daisy11AudioHandle4Impl16InternalCallbackEPlS2_j
                0x0800200c      0xbbc ../libDaisy/build\libdaisy.a(audio.o)
                0x0800200c                daisy::AudioHandle::Impl::InternalCallback(long*, long*, unsigned int)
 .text._ZN5daisy11AudioHandle4InitERKNS0_6ConfigENS_9SaiHandleE
                0x08002bc8       0x70 ../libDaisy/build\libdaisy.a(audio.o)
                0x08002bc8                daisy::AudioHandle::Init(daisy::AudioHandle::Config const&, daisy::SaiHandle)
 .text._ZNK5daisy11AudioHandle9GetConfigEv
                0x08002c38        0x8 ../libDaisy/build\libdaisy.a(audio.o)
                0x08002c38                daisy::AudioHandle::GetConfig() const
 .text._ZN5daisy11AudioHandle12SetBlockSizeEj
                0x08002c40       0x1c ../libDaisy/build\libdaisy.a(audio.o)
                0x08002c40                daisy::AudioHandle::SetBlockSize(unsigned int)
 .text._ZN5daisy11AudioHandle13GetSampleRateEv
                0x08002c5c        0x8 ../libDaisy/build\libdaisy.a(audio.o)
                0x08002c5c                daisy::AudioHandle::GetSampleRate()
 .text._ZN5daisy11AudioHandle13SetSampleRateENS_9SaiHandle6Config10SampleRateE
                0x08002c64       0xa8 ../libDaisy/build\libdaisy.a(audio.o)
                0x08002c64                daisy::AudioHandle::SetSampleRate(daisy::SaiHandle::Config::SampleRate)
 .text._ZN5daisy11AudioHandle5StartEPFvPKPKfPPfjE
                0x08002d0c       0x44 ../libDaisy/build\libdaisy.a(audio.o)
                0x08002d0c                daisy::AudioHandle::Start(void (*)(float const* const*, float**, unsigned int))
 .text.startup._GLOBAL__sub_I__ZN5daisy11AudioHandle4Impl4InitENS0_6ConfigENS_9SaiHandleE
                0x08002d50       0x24 ../libDaisy/build\libdaisy.a(audio.o)
 .text._ZN5daisy13AnalogControl4InitEPtfbbf
                0x08002d74       0x64 ../libDaisy/build\libdaisy.a(ctrl.o)
                0x08002d74                daisy::AnalogControl::Init(unsigned short*, float, bool, bool, float)
 .text._ZN5daisy13AnalogControl7ProcessEv
                0x08002dd8       0x48 ../libDaisy/build\libdaisy.a(ctrl.o)
                0x08002dd8                daisy::AnalogControl::Process()
 .text._ZN5daisy9Parameter4InitENS_13AnalogControlEffNS0_5CurveE
                0x08002e20       0x60 ../libDaisy/build\libdaisy.a(parameter.o)
                0x08002e20                daisy::Parameter::Init(daisy::AnalogControl, float, float, daisy::Parameter::Curve)
 .text._ZN5daisy9Parameter7ProcessEv
                0x08002e80       0xac ../libDaisy/build\libdaisy.a(parameter.o)
                0x08002e80                daisy::Parameter::Process()
 .text._ZN5daisy6Switch4InitENS_3PinEfNS0_4TypeENS0_8PolarityENS_4GPIO4PullE
                0x08002f2c       0x40 ../libDaisy/build\libdaisy.a(switch.o)
                0x08002f2c                daisy::Switch::Init(daisy::Pin, float, daisy::Switch::Type, daisy::Switch::Polarity, daisy::GPIO::Pull)
 .text._ZN5daisy6Switch8DebounceEv
                0x08002f6c       0x54 ../libDaisy/build\libdaisy.a(switch.o)
                0x08002f6c                daisy::Switch::Debounce()
 .text._ZN5daisy16AdcChannelConfig10InitSingleENS_3PinENS0_15ConversionSpeedE
                0x08002fc0       0x20 ../libDaisy/build\libdaisy.a(adc.o)
                0x08002fc0                daisy::AdcChannelConfig::InitSingle(daisy::Pin, daisy::AdcChannelConfig::ConversionSpeed)
 .text._ZN5daisy9AdcHandle4InitEPNS_16AdcChannelConfigEjNS0_12OverSamplingE
                0x08002fe0      0x410 ../libDaisy/build\libdaisy.a(adc.o)
                0x08002fe0                daisy::AdcHandle::Init(daisy::AdcChannelConfig*, unsigned int, daisy::AdcHandle::OverSampling)
 .text._ZN5daisy9AdcHandle5StartEv
                0x080033f0       0x2c ../libDaisy/build\libdaisy.a(adc.o)
                0x080033f0                daisy::AdcHandle::Start()
 .text._ZNK5daisy9AdcHandle6GetPtrEh
                0x0800341c       0x14 ../libDaisy/build\libdaisy.a(adc.o)
                0x0800341c                daisy::AdcHandle::GetPtr(unsigned char) const
 .text.HAL_ADC_MspInit
                0x08003430       0xa4 ../libDaisy/build\libdaisy.a(adc.o)
                0x08003430                HAL_ADC_MspInit
 .text.DMA1_Stream2_IRQHandler
                0x080034d4        0xc ../libDaisy/build\libdaisy.a(adc.o)
                0x080034d4                DMA1_Stream2_IRQHandler
 .text.HAL_ADC_ConvCpltCallback
                0x080034e0      0x15c ../libDaisy/build\libdaisy.a(adc.o)
                0x080034e0                HAL_ADC_ConvCpltCallback
 .text.HAL_ADC_ErrorCallback
                0x0800363c        0x4 ../libDaisy/build\libdaisy.a(adc.o)
                0x0800363c                HAL_ADC_ErrorCallback
 .text.startup._GLOBAL__sub_I__ZN5daisy16AdcChannelConfig10InitSingleENS_3PinENS0_15ConversionSpeedE
                0x08003640       0x38 ../libDaisy/build\libdaisy.a(adc.o)
 .text._ZN5daisy4GPIO4InitERKNS0_6ConfigE
                0x08003678      0x1cc ../libDaisy/build\libdaisy.a(gpio.o)
                0x08003678                daisy::GPIO::Init(daisy::GPIO::Config const&)
 .text._ZN5daisy4GPIO4InitEv
                0x08003844      0x1bc ../libDaisy/build\libdaisy.a(gpio.o)
                0x08003844                daisy::GPIO::Init()
 .text._ZN5daisy4GPIO4InitENS_3PinENS0_4ModeENS0_4PullENS0_5SpeedE
                0x08003a00      0x1cc ../libDaisy/build\libdaisy.a(gpio.o)
                0x08003a00                daisy::GPIO::Init(daisy::Pin, daisy::GPIO::Mode, daisy::GPIO::Pull, daisy::GPIO::Speed)
 .text._ZN5daisy4GPIO4ReadEv
                0x08003bcc       0x18 ../libDaisy/build\libdaisy.a(gpio.o)
                0x08003bcc                daisy::GPIO::Read()
 .text._ZN5daisy4GPIO5WriteEb
                0x08003be4       0x14 ../libDaisy/build\libdaisy.a(gpio.o)
                0x08003be4                daisy::GPIO::Write(bool)
 .text._ZN5daisy9I2CHandle4Impl8InitPinsEv
                0x08003bf8       0x70 ../libDaisy/build\libdaisy.a(i2c.o)
                0x08003bf8                daisy::I2CHandle::Impl::InitPins()
 .text.HAL_I2C_MspInit
                0x08003c68      0x1b4 ../libDaisy/build\libdaisy.a(i2c.o)
                0x08003c68                HAL_I2C_MspInit
 .text.dsy_i2c_global_init
                0x08003e1c       0x78 ../libDaisy/build\libdaisy.a(i2c.o)
                0x08003e1c                dsy_i2c_global_init
 .text.DMA1_Stream6_IRQHandler
                0x08003e94       0x34 ../libDaisy/build\libdaisy.a(i2c.o)
                0x08003e94                DMA1_Stream6_IRQHandler
 .text.I2C1_EV_IRQHandler
                0x08003ec8        0xc ../libDaisy/build\libdaisy.a(i2c.o)
                0x08003ec8                I2C1_EV_IRQHandler
 .text.I2C2_EV_IRQHandler
                0x08003ed4        0xc ../libDaisy/build\libdaisy.a(i2c.o)
                0x08003ed4                I2C2_EV_IRQHandler
 .text.I2C3_EV_IRQHandler
                0x08003ee0        0xc ../libDaisy/build\libdaisy.a(i2c.o)
                0x08003ee0                I2C3_EV_IRQHandler
 .text._ZN5daisy9I2CHandle4InitERKNS0_6ConfigE
                0x08003eec      0x130 ../libDaisy/build\libdaisy.a(i2c.o)
                0x08003eec                daisy::I2CHandle::Init(daisy::I2CHandle::Config const&)
 .text._ZN5daisy9I2CHandle16TransmitBlockingEtPhtm
                0x0800401c       0x50 ../libDaisy/build\libdaisy.a(i2c.o)
                0x0800401c                daisy::I2CHandle::TransmitBlocking(unsigned short, unsigned char*, unsigned short, unsigned long)
 .text.startup._GLOBAL__sub_I__ZN5daisy9I2CHandle4Impl10GlobalInitEv
                0x0800406c       0x2c ../libDaisy/build\libdaisy.a(i2c.o)
 .text._ZN5daisy10QSPIHandle4Impl11WriteEnableEv
                0x08004098       0x8c ../libDaisy/build\libdaisy.a(qspi.o)
                0x08004098                daisy::QSPIHandle::Impl::WriteEnable()
 *fill*         0x08004124        0x4 
 .text._ZN5daisy10QSPIHandle4Impl17DummyCyclesConfigENS0_6Config6DeviceE
                0x08004128      0x118 ../libDaisy/build\libdaisy.a(qspi.o)
                0x08004128                daisy::QSPIHandle::Impl::DummyCyclesConfig(daisy::QSPIHandle::Config::Device)
 .text._ZN5daisy10QSPIHandle4Impl10QuadEnableEv
                0x08004240      0x168 ../libDaisy/build\libdaisy.a(qspi.o)
                0x08004240                daisy::QSPIHandle::Impl::QuadEnable()
 .text._ZN5daisy10QSPIHandle4Impl21DefaultStatusRegisterEv
                0x080043a8      0x158 ../libDaisy/build\libdaisy.a(qspi.o)
                0x080043a8                daisy::QSPIHandle::Impl::DefaultStatusRegister()
 .text._ZN5daisy10QSPIHandle4Impl7PreInitEm
                0x08004500      0x198 ../libDaisy/build\libdaisy.a(qspi.o)
                0x08004500                daisy::QSPIHandle::Impl::PreInit(unsigned long)
 .text._ZN5daisy10QSPIHandle4InitERKNS0_6ConfigE
                0x08004698      0x1b4 ../libDaisy/build\libdaisy.a(qspi.o)
                0x08004698                daisy::QSPIHandle::Init(daisy::QSPIHandle::Config const&)
 .text.HAL_QSPI_MspInit
                0x0800484c      0x194 ../libDaisy/build\libdaisy.a(qspi.o)
                0x0800484c                HAL_QSPI_MspInit
 .text.HAL_QSPI_MspDeInit
                0x080049e0       0x7c ../libDaisy/build\libdaisy.a(qspi.o)
                0x080049e0                HAL_QSPI_MspDeInit
 .text.QUADSPI_IRQHandler
                0x08004a5c        0xc ../libDaisy/build\libdaisy.a(qspi.o)
                0x08004a5c                QUADSPI_IRQHandler
 .text.startup._GLOBAL__sub_I__ZN5daisy10QSPIHandle4Impl7PreInitEm
                0x08004a68       0x40 ../libDaisy/build\libdaisy.a(qspi.o)
 .text._ZN5daisy9SaiHandle4Impl7InitDmaENS1_15PeripheralBlockE
                0x08004aa8       0xa0 ../libDaisy/build\libdaisy.a(sai.o)
                0x08004aa8                daisy::SaiHandle::Impl::InitDma(daisy::SaiHandle::Impl::PeripheralBlock)
 .text._ZN5daisy9SaiHandle4Impl8InitPinsEv
                0x08004b48       0xbc ../libDaisy/build\libdaisy.a(sai.o)
                0x08004b48                daisy::SaiHandle::Impl::InitPins()
 .text.HAL_SAI_MspInit
                0x08004c04      0x164 ../libDaisy/build\libdaisy.a(sai.o)
                0x08004c04                HAL_SAI_MspInit
 .text.DMA1_Stream0_IRQHandler
                0x08004d68        0xc ../libDaisy/build\libdaisy.a(sai.o)
                0x08004d68                DMA1_Stream0_IRQHandler
 .text.DMA1_Stream1_IRQHandler
                0x08004d74        0xc ../libDaisy/build\libdaisy.a(sai.o)
                0x08004d74                DMA1_Stream1_IRQHandler
 .text.DMA1_Stream3_IRQHandler
                0x08004d80        0xc ../libDaisy/build\libdaisy.a(sai.o)
                0x08004d80                DMA1_Stream3_IRQHandler
 .text.DMA1_Stream4_IRQHandler
                0x08004d8c        0xc ../libDaisy/build\libdaisy.a(sai.o)
                0x08004d8c                DMA1_Stream4_IRQHandler
 .text.HAL_SAI_RxHalfCpltCallback
                0x08004d98       0x78 ../libDaisy/build\libdaisy.a(sai.o)
                0x08004d98                HAL_SAI_RxHalfCpltCallback
 .text.HAL_SAI_RxCpltCallback
                0x08004e10       0x70 ../libDaisy/build\libdaisy.a(sai.o)
                0x08004e10                HAL_SAI_RxCpltCallback
 .text._ZN5daisy9SaiHandle4InitERKNS0_6ConfigE
                0x08004e80      0x1f0 ../libDaisy/build\libdaisy.a(sai.o)
                0x08004e80                daisy::SaiHandle::Init(daisy::SaiHandle::Config const&)
 .text._ZNK5daisy9SaiHandle9GetConfigEv
                0x08005070        0x4 ../libDaisy/build\libdaisy.a(sai.o)
                0x08005070                daisy::SaiHandle::GetConfig() const
 .text._ZN5daisy9SaiHandle8StartDmaEPlS1_jPFvS1_S1_jE
                0x08005074       0xbc ../libDaisy/build\libdaisy.a(sai.o)
                0x08005074                daisy::SaiHandle::StartDma(long*, long*, unsigned int, void (*)(long*, long*, unsigned int))
 .text._ZN5daisy9SaiHandle13GetSampleRateEv
                0x08005130       0x24 ../libDaisy/build\libdaisy.a(sai.o)
                0x08005130                daisy::SaiHandle::GetSampleRate()
 .text._ZNK5daisy9SaiHandle9GetOffsetEv
                0x08005154        0x8 ../libDaisy/build\libdaisy.a(sai.o)
                0x08005154                daisy::SaiHandle::GetOffset() const
 .text.startup._GLOBAL__sub_I__ZN5daisy9SaiHandle4Impl4InitERKNS0_6ConfigE
                0x0800515c       0x20 ../libDaisy/build\libdaisy.a(sai.o)
 .text._ZN5daisy11TimerHandleD2Ev
                0x0800517c        0x4 ../libDaisy/build\libdaisy.a(system.o)
                0x0800517c                daisy::TimerHandle::~TimerHandle()
                0x0800517c                daisy::TimerHandle::~TimerHandle()
 .text.SysTick_Handler
                0x08005180       0x10 ../libDaisy/build\libdaisy.a(system.o)
                0x08005180                SysTick_Handler
 .text.OTG_HS_EP1_OUT_IRQHandler
                0x08005190       0x24 ../libDaisy/build\libdaisy.a(system.o)
                0x08005190                OTG_HS_EP1_OUT_IRQHandler
 .text.OTG_HS_EP1_IN_IRQHandler
                0x080051b4       0x24 ../libDaisy/build\libdaisy.a(system.o)
                0x080051b4                OTG_HS_EP1_IN_IRQHandler
 .text.OTG_HS_IRQHandler
                0x080051d8       0x24 ../libDaisy/build\libdaisy.a(system.o)
                0x080051d8                OTG_HS_IRQHandler
 .text.HardFault_Handler
                0x080051fc       0xe0 ../libDaisy/build\libdaisy.a(system.o)
                0x080051fc                HardFault_Handler
 .text._ZN5daisy6System6GetNowEv
                0x080052dc        0x4 ../libDaisy/build\libdaisy.a(system.o)
                0x080052dc                daisy::System::GetNow()
 .text._ZN5daisy6System5DelayEm
                0x080052e0        0x4 ../libDaisy/build\libdaisy.a(system.o)
                0x080052e0                daisy::System::Delay(unsigned long)
 .text._ZN5daisy6System20GetBootloaderVersionEv
                0x080052e4       0x34 ../libDaisy/build\libdaisy.a(system.o)
                0x080052e4                daisy::System::GetBootloaderVersion()
 .text._ZN5daisy6System15ConfigureClocksEv
                0x08005318      0x1a4 ../libDaisy/build\libdaisy.a(system.o)
                0x08005318                daisy::System::ConfigureClocks()
 .text._ZN5daisy6System12ConfigureMpuEv
                0x080054bc       0x7c ../libDaisy/build\libdaisy.a(system.o)
                0x080054bc                daisy::System::ConfigureMpu()
 .text._ZN5daisy6System4InitERKNS0_6ConfigE
                0x08005538       0xf8 ../libDaisy/build\libdaisy.a(system.o)
                0x08005538                daisy::System::Init(daisy::System::Config const&)
 .text._ZN5daisy6System12GetPClk1FreqEv
                0x08005630        0x4 ../libDaisy/build\libdaisy.a(system.o)
                0x08005630                daisy::System::GetPClk1Freq()
 .text._ZN5daisy6System22GetProgramMemoryRegionEv
                0x08005634       0x78 ../libDaisy/build\libdaisy.a(system.o)
                0x08005634                daisy::System::GetProgramMemoryRegion()
 .text.startup._GLOBAL__sub_I__ZN5daisy9boot_infoE
                0x080056ac       0x1c ../libDaisy/build\libdaisy.a(system.o)
 .text.SystemInit
                0x080056c8       0x9c ../libDaisy/build\libdaisy.a(system_stm32h7xx.o)
                0x080056c8                SystemInit
 .text.HAL_PCD_SetupStageCallback
                0x08005764        0xc ../libDaisy/build\libdaisy.a(usbd_conf.o)
                0x08005764                HAL_PCD_SetupStageCallback
 .text.HAL_PCD_DataOutStageCallback
                0x08005770       0x14 ../libDaisy/build\libdaisy.a(usbd_conf.o)
                0x08005770                HAL_PCD_DataOutStageCallback
 .text.HAL_PCD_DataInStageCallback
                0x08005784       0x14 ../libDaisy/build\libdaisy.a(usbd_conf.o)
                0x08005784                HAL_PCD_DataInStageCallback
 .text.HAL_PCD_SOFCallback
                0x08005798        0x8 ../libDaisy/build\libdaisy.a(usbd_conf.o)
                0x08005798                HAL_PCD_SOFCallback
 .text.HAL_PCD_ResetCallback
                0x080057a0       0x24 ../libDaisy/build\libdaisy.a(usbd_conf.o)
                0x080057a0                HAL_PCD_ResetCallback
 .text.HAL_PCD_SuspendCallback
                0x080057c4       0x30 ../libDaisy/build\libdaisy.a(usbd_conf.o)
                0x080057c4                HAL_PCD_SuspendCallback
 .text.HAL_PCD_ResumeCallback
                0x080057f4        0x8 ../libDaisy/build\libdaisy.a(usbd_conf.o)
                0x080057f4                HAL_PCD_ResumeCallback
 .text.HAL_PCD_ISOOUTIncompleteCallback
                0x080057fc        0x8 ../libDaisy/build\libdaisy.a(usbd_conf.o)
                0x080057fc                HAL_PCD_ISOOUTIncompleteCallback
 .text.HAL_PCD_ISOINIncompleteCallback
                0x08005804        0x8 ../libDaisy/build\libdaisy.a(usbd_conf.o)
                0x08005804                HAL_PCD_ISOINIncompleteCallback
 .text.HAL_PCD_ConnectCallback
                0x0800580c        0x8 ../libDaisy/build\libdaisy.a(usbd_conf.o)
                0x0800580c                HAL_PCD_ConnectCallback
 .text.HAL_PCD_DisconnectCallback
                0x08005814        0x8 ../libDaisy/build\libdaisy.a(usbd_conf.o)
                0x08005814                HAL_PCD_DisconnectCallback
 .text.USBD_LL_OpenEP
                0x0800581c       0x24 ../libDaisy/build\libdaisy.a(usbd_conf.o)
                0x0800581c                USBD_LL_OpenEP
 .text.USBD_LL_StallEP
                0x08005840       0x1c ../libDaisy/build\libdaisy.a(usbd_conf.o)
                0x08005840                USBD_LL_StallEP
 .text.USBD_LL_ClearStallEP
                0x0800585c       0x1c ../libDaisy/build\libdaisy.a(usbd_conf.o)
                0x0800585c                USBD_LL_ClearStallEP
 .text.USBD_LL_IsStallEP
                0x08005878       0x28 ../libDaisy/build\libdaisy.a(usbd_conf.o)
                0x08005878                USBD_LL_IsStallEP
 .text.USBD_LL_SetUSBAddress
                0x080058a0       0x1c ../libDaisy/build\libdaisy.a(usbd_conf.o)
                0x080058a0                USBD_LL_SetUSBAddress
 .text.USBD_LL_Transmit
                0x080058bc       0x1c ../libDaisy/build\libdaisy.a(usbd_conf.o)
                0x080058bc                USBD_LL_Transmit
 .text.USBD_LL_PrepareReceive
                0x080058d8       0x1c ../libDaisy/build\libdaisy.a(usbd_conf.o)
                0x080058d8                USBD_LL_PrepareReceive
 .text.HAL_HCD_SOF_Callback
                0x080058f4        0x8 ../libDaisy/build\libdaisy.a(usbh_conf.o)
                0x080058f4                HAL_HCD_SOF_Callback
 .text.HAL_HCD_Connect_Callback
                0x080058fc        0x8 ../libDaisy/build\libdaisy.a(usbh_conf.o)
                0x080058fc                HAL_HCD_Connect_Callback
 .text.HAL_HCD_Disconnect_Callback
                0x08005904        0x8 ../libDaisy/build\libdaisy.a(usbh_conf.o)
                0x08005904                HAL_HCD_Disconnect_Callback
 .text.HAL_HCD_HC_NotifyURBChange_Callback
                0x0800590c        0x4 ../libDaisy/build\libdaisy.a(usbh_conf.o)
                0x0800590c                HAL_HCD_HC_NotifyURBChange_Callback
 .text.HAL_HCD_PortEnabled_Callback
                0x08005910        0x8 ../libDaisy/build\libdaisy.a(usbh_conf.o)
                0x08005910                HAL_HCD_PortEnabled_Callback
 .text.HAL_HCD_PortDisabled_Callback
                0x08005918        0x8 ../libDaisy/build\libdaisy.a(usbh_conf.o)
                0x08005918                HAL_HCD_PortDisabled_Callback
 .text.USBH_LL_Stop
                0x08005920       0x1c ../libDaisy/build\libdaisy.a(usbh_conf.o)
                0x08005920                USBH_LL_Stop
 .text.HAL_MspInit
                0x0800593c        0x4 ../libDaisy/build\libdaisy.a(stm32h7xx_hal.o)
                0x0800593c                HAL_MspInit
 .text.HAL_InitTick
                0x08005940       0x4c ../libDaisy/build\libdaisy.a(stm32h7xx_hal.o)
                0x08005940                HAL_InitTick
 .text.HAL_Init
                0x0800598c       0x60 ../libDaisy/build\libdaisy.a(stm32h7xx_hal.o)
                0x0800598c                HAL_Init
 .text.HAL_IncTick
                0x080059ec       0x18 ../libDaisy/build\libdaisy.a(stm32h7xx_hal.o)
                0x080059ec                HAL_IncTick
 .text.HAL_GetTick
                0x08005a04        0xc ../libDaisy/build\libdaisy.a(stm32h7xx_hal.o)
                0x08005a04                HAL_GetTick
 .text.HAL_Delay
                0x08005a10       0x24 ../libDaisy/build\libdaisy.a(stm32h7xx_hal.o)
                0x08005a10                HAL_Delay
 .text.HAL_GetREVID
                0x08005a34        0xc ../libDaisy/build\libdaisy.a(stm32h7xx_hal.o)
                0x08005a34                HAL_GetREVID
 .text.HAL_ADC_ConvHalfCpltCallback
                0x08005a40        0x4 ../libDaisy/build\libdaisy.a(stm32h7xx_hal_adc.o)
                0x08005a40                HAL_ADC_ConvHalfCpltCallback
 .text.ADC_DMAHalfConvCplt
                0x08005a44        0xc ../libDaisy/build\libdaisy.a(stm32h7xx_hal_adc.o)
                0x08005a44                ADC_DMAHalfConvCplt
 .text.ADC_DMAConvCplt
                0x08005a50       0x6c ../libDaisy/build\libdaisy.a(stm32h7xx_hal_adc.o)
                0x08005a50                ADC_DMAConvCplt
 .text.ADC_DMAError
                0x08005abc       0x1c ../libDaisy/build\libdaisy.a(stm32h7xx_hal_adc.o)
                0x08005abc                ADC_DMAError
 .text.HAL_ADC_ConfigChannel
                0x08005ad8      0x440 ../libDaisy/build\libdaisy.a(stm32h7xx_hal_adc.o)
                0x08005ad8                HAL_ADC_ConfigChannel
 .text.ADC_Enable
                0x08005f18       0xac ../libDaisy/build\libdaisy.a(stm32h7xx_hal_adc.o)
                0x08005f18                ADC_Enable
 .text.HAL_ADC_Start_DMA
                0x08005fc4      0x124 ../libDaisy/build\libdaisy.a(stm32h7xx_hal_adc.o)
                0x08005fc4                HAL_ADC_Start_DMA
 .text.ADC_Disable
                0x080060e8       0x74 ../libDaisy/build\libdaisy.a(stm32h7xx_hal_adc.o)
                0x080060e8                ADC_Disable
 .text.ADC_ConfigureBoostMode
                0x0800615c      0x17c ../libDaisy/build\libdaisy.a(stm32h7xx_hal_adc.o)
                0x0800615c                ADC_ConfigureBoostMode
 .text.HAL_ADC_Init
                0x080062d8      0x21c ../libDaisy/build\libdaisy.a(stm32h7xx_hal_adc.o)
                0x080062d8                HAL_ADC_Init
 .text.HAL_ADCEx_Calibration_Start
                0x080064f4       0xa4 ../libDaisy/build\libdaisy.a(stm32h7xx_hal_adc_ex.o)
                0x080064f4                HAL_ADCEx_Calibration_Start
 .text.HAL_ADCEx_MultiModeConfigChannel
                0x08006598       0xd0 ../libDaisy/build\libdaisy.a(stm32h7xx_hal_adc_ex.o)
                0x08006598                HAL_ADCEx_MultiModeConfigChannel
 .text.HAL_NVIC_SetPriorityGrouping
                0x08006668       0x24 ../libDaisy/build\libdaisy.a(stm32h7xx_hal_cortex.o)
                0x08006668                HAL_NVIC_SetPriorityGrouping
 .text.HAL_NVIC_SetPriority
                0x0800668c       0x7c ../libDaisy/build\libdaisy.a(stm32h7xx_hal_cortex.o)
                0x0800668c                HAL_NVIC_SetPriority
 .text.HAL_NVIC_EnableIRQ
                0x08006708       0x1c ../libDaisy/build\libdaisy.a(stm32h7xx_hal_cortex.o)
                0x08006708                HAL_NVIC_EnableIRQ
 .text.HAL_NVIC_DisableIRQ
                0x08006724       0x28 ../libDaisy/build\libdaisy.a(stm32h7xx_hal_cortex.o)
                0x08006724                HAL_NVIC_DisableIRQ
 .text.HAL_SYSTICK_Config
                0x0800674c       0x2c ../libDaisy/build\libdaisy.a(stm32h7xx_hal_cortex.o)
                0x0800674c                HAL_SYSTICK_Config
 .text.HAL_MPU_Disable
                0x08006778       0x1c ../libDaisy/build\libdaisy.a(stm32h7xx_hal_cortex.o)
                0x08006778                HAL_MPU_Disable
 .text.HAL_MPU_Enable
                0x08006794       0x20 ../libDaisy/build\libdaisy.a(stm32h7xx_hal_cortex.o)
                0x08006794                HAL_MPU_Enable
 .text.HAL_MPU_ConfigRegion
                0x080067b4       0x64 ../libDaisy/build\libdaisy.a(stm32h7xx_hal_cortex.o)
                0x080067b4                HAL_MPU_ConfigRegion
 .text.HAL_SYSTICK_Callback
                0x08006818        0x4 ../libDaisy/build\libdaisy.a(stm32h7xx_hal_cortex.o)
                0x08006818                HAL_SYSTICK_Callback
 .text.HAL_SYSTICK_IRQHandler
                0x0800681c        0x8 ../libDaisy/build\libdaisy.a(stm32h7xx_hal_cortex.o)
                0x0800681c                HAL_SYSTICK_IRQHandler
 .text.DMA_CalcBaseAndBitshift
                0x08006824       0xf4 ../libDaisy/build\libdaisy.a(stm32h7xx_hal_dma.o)
 .text.DMA_CalcDMAMUXChannelBaseAndMask
                0x08006918       0xd8 ../libDaisy/build\libdaisy.a(stm32h7xx_hal_dma.o)
 .text.HAL_DMA_Init
                0x080069f0      0x4dc ../libDaisy/build\libdaisy.a(stm32h7xx_hal_dma.o)
                0x080069f0                HAL_DMA_Init
 .text.HAL_DMA_Start_IT
                0x08006ecc      0x344 ../libDaisy/build\libdaisy.a(stm32h7xx_hal_dma.o)
                0x08006ecc                HAL_DMA_Start_IT
 .text.HAL_DMA_Abort
                0x08007210      0x2f0 ../libDaisy/build\libdaisy.a(stm32h7xx_hal_dma.o)
                0x08007210                HAL_DMA_Abort
 .text.HAL_DMA_Abort_IT
                0x08007500      0x194 ../libDaisy/build\libdaisy.a(stm32h7xx_hal_dma.o)
                0x08007500                HAL_DMA_Abort_IT
 .text.HAL_DMA_IRQHandler
                0x08007694      0x6a0 ../libDaisy/build\libdaisy.a(stm32h7xx_hal_dma.o)
                0x08007694                HAL_DMA_IRQHandler
 .text.HAL_DMA_GetError
                0x08007d34        0x4 ../libDaisy/build\libdaisy.a(stm32h7xx_hal_dma.o)
                0x08007d34                HAL_DMA_GetError
 .text.HAL_GPIO_Init
                0x08007d38      0x274 ../libDaisy/build\libdaisy.a(stm32h7xx_hal_gpio.o)
                0x08007d38                HAL_GPIO_Init
 .text.HAL_GPIO_DeInit
                0x08007fac      0x190 ../libDaisy/build\libdaisy.a(stm32h7xx_hal_gpio.o)
                0x08007fac                HAL_GPIO_DeInit
 .text.HAL_GPIO_ReadPin
                0x0800813c        0xc ../libDaisy/build\libdaisy.a(stm32h7xx_hal_gpio.o)
                0x0800813c                HAL_GPIO_ReadPin
 .text.HAL_GPIO_WritePin
                0x08008148        0x8 ../libDaisy/build\libdaisy.a(stm32h7xx_hal_gpio.o)
                0x08008148                HAL_GPIO_WritePin
 .text.HAL_HCD_IRQHandler
                0x08008150      0x8f4 ../libDaisy/build\libdaisy.a(stm32h7xx_hal_hcd.o)
                0x08008150                HAL_HCD_IRQHandler
 .text.HAL_HCD_Stop
                0x08008a44       0x28 ../libDaisy/build\libdaisy.a(stm32h7xx_hal_hcd.o)
                0x08008a44                HAL_HCD_Stop
 .text.I2C_WaitOnTXISFlagUntilTimeout
                0x08008a6c      0x16c ../libDaisy/build\libdaisy.a(stm32h7xx_hal_i2c.o)
 .text.I2C_WaitOnSTOPFlagUntilTimeout
                0x08008bd8      0x168 ../libDaisy/build\libdaisy.a(stm32h7xx_hal_i2c.o)
 .text.HAL_I2C_Init
                0x08008d40       0xac ../libDaisy/build\libdaisy.a(stm32h7xx_hal_i2c.o)
                0x08008d40                HAL_I2C_Init
 .text.HAL_I2C_Master_Transmit
                0x08008dec      0x37c ../libDaisy/build\libdaisy.a(stm32h7xx_hal_i2c.o)
                0x08008dec                HAL_I2C_Master_Transmit
 .text.HAL_I2C_Slave_Transmit
                0x08009168      0x254 ../libDaisy/build\libdaisy.a(stm32h7xx_hal_i2c.o)
                0x08009168                HAL_I2C_Slave_Transmit
 .text.HAL_I2C_EV_IRQHandler
                0x080093bc       0x10 ../libDaisy/build\libdaisy.a(stm32h7xx_hal_i2c.o)
                0x080093bc                HAL_I2C_EV_IRQHandler
 .text.HAL_I2C_GetState
                0x080093cc        0x8 ../libDaisy/build\libdaisy.a(stm32h7xx_hal_i2c.o)
                0x080093cc                HAL_I2C_GetState
 .text.HAL_I2CEx_ConfigAnalogFilter
                0x080093d4       0x54 ../libDaisy/build\libdaisy.a(stm32h7xx_hal_i2c_ex.o)
                0x080093d4                HAL_I2CEx_ConfigAnalogFilter
 .text.HAL_I2CEx_ConfigDigitalFilter
                0x08009428       0x58 ../libDaisy/build\libdaisy.a(stm32h7xx_hal_i2c_ex.o)
                0x08009428                HAL_I2CEx_ConfigDigitalFilter
 .text.HAL_PCD_IRQHandler
                0x08009480      0xb48 ../libDaisy/build\libdaisy.a(stm32h7xx_hal_pcd.o)
                0x08009480                HAL_PCD_IRQHandler
 .text.HAL_PCD_SetAddress
                0x08009fc8       0x2c ../libDaisy/build\libdaisy.a(stm32h7xx_hal_pcd.o)
                0x08009fc8                HAL_PCD_SetAddress
 .text.HAL_PCD_EP_Open
                0x08009ff4       0x7c ../libDaisy/build\libdaisy.a(stm32h7xx_hal_pcd.o)
                0x08009ff4                HAL_PCD_EP_Open
 .text.HAL_PCD_EP_Receive
                0x0800a070       0x44 ../libDaisy/build\libdaisy.a(stm32h7xx_hal_pcd.o)
                0x0800a070                HAL_PCD_EP_Receive
 .text.HAL_PCD_EP_Transmit
                0x0800a0b4       0x44 ../libDaisy/build\libdaisy.a(stm32h7xx_hal_pcd.o)
                0x0800a0b4                HAL_PCD_EP_Transmit
 .text.HAL_PCD_EP_SetStall
                0x0800a0f8       0x88 ../libDaisy/build\libdaisy.a(stm32h7xx_hal_pcd.o)
                0x0800a0f8                HAL_PCD_EP_SetStall
 .text.HAL_PCD_EP_ClrStall
                0x0800a180       0x78 ../libDaisy/build\libdaisy.a(stm32h7xx_hal_pcd.o)
                0x0800a180                HAL_PCD_EP_ClrStall
 .text.HAL_PCDEx_LPM_Callback
                0x0800a1f8        0x4 ../libDaisy/build\libdaisy.a(stm32h7xx_hal_pcd_ex.o)
                0x0800a1f8                HAL_PCDEx_LPM_Callback
 .text.HAL_PWREx_ConfigSupply
                0x0800a1fc       0x48 ../libDaisy/build\libdaisy.a(stm32h7xx_hal_pwr_ex.o)
                0x0800a1fc                HAL_PWREx_ConfigSupply
 .text.HAL_PWREx_EnableUSBVoltageDetector
                0x0800a244       0x10 ../libDaisy/build\libdaisy.a(stm32h7xx_hal_pwr_ex.o)
                0x0800a244                HAL_PWREx_EnableUSBVoltageDetector
 .text.QSPI_Config
                0x0800a254      0x174 ../libDaisy/build\libdaisy.a(stm32h7xx_hal_qspi.o)
 .text.HAL_QSPI_Init
                0x0800a3c8       0xb8 ../libDaisy/build\libdaisy.a(stm32h7xx_hal_qspi.o)
                0x0800a3c8                HAL_QSPI_Init
 .text.HAL_QSPI_DeInit
                0x0800a480       0x24 ../libDaisy/build\libdaisy.a(stm32h7xx_hal_qspi.o)
                0x0800a480                HAL_QSPI_DeInit
 .text.HAL_QSPI_Command
                0x0800a4a4       0xd4 ../libDaisy/build\libdaisy.a(stm32h7xx_hal_qspi.o)
                0x0800a4a4                HAL_QSPI_Command
 .text.HAL_QSPI_Transmit
                0x0800a578       0xfc ../libDaisy/build\libdaisy.a(stm32h7xx_hal_qspi.o)
                0x0800a578                HAL_QSPI_Transmit
 .text.HAL_QSPI_Receive
                0x0800a674      0x108 ../libDaisy/build\libdaisy.a(stm32h7xx_hal_qspi.o)
                0x0800a674                HAL_QSPI_Receive
 .text.HAL_QSPI_AutoPolling
                0x0800a77c       0xf0 ../libDaisy/build\libdaisy.a(stm32h7xx_hal_qspi.o)
                0x0800a77c                HAL_QSPI_AutoPolling
 .text.HAL_QSPI_MemoryMapped
                0x0800a86c       0xc0 ../libDaisy/build\libdaisy.a(stm32h7xx_hal_qspi.o)
                0x0800a86c                HAL_QSPI_MemoryMapped
 .text.HAL_QSPI_ErrorCallback
                0x0800a92c        0x4 ../libDaisy/build\libdaisy.a(stm32h7xx_hal_qspi.o)
                0x0800a92c                HAL_QSPI_ErrorCallback
 .text.QSPI_DMAAbortCplt
                0x0800a930       0x38 ../libDaisy/build\libdaisy.a(stm32h7xx_hal_qspi.o)
 .text.HAL_QSPI_AbortCpltCallback
                0x0800a968        0x4 ../libDaisy/build\libdaisy.a(stm32h7xx_hal_qspi.o)
                0x0800a968                HAL_QSPI_AbortCpltCallback
 .text.HAL_QSPI_CmdCpltCallback
                0x0800a96c        0x4 ../libDaisy/build\libdaisy.a(stm32h7xx_hal_qspi.o)
                0x0800a96c                HAL_QSPI_CmdCpltCallback
 .text.HAL_QSPI_RxCpltCallback
                0x0800a970        0x4 ../libDaisy/build\libdaisy.a(stm32h7xx_hal_qspi.o)
                0x0800a970                HAL_QSPI_RxCpltCallback
 .text.HAL_QSPI_TxCpltCallback
                0x0800a974        0x4 ../libDaisy/build\libdaisy.a(stm32h7xx_hal_qspi.o)
                0x0800a974                HAL_QSPI_TxCpltCallback
 .text.HAL_QSPI_FifoThresholdCallback
                0x0800a978        0x4 ../libDaisy/build\libdaisy.a(stm32h7xx_hal_qspi.o)
                0x0800a978                HAL_QSPI_FifoThresholdCallback
 .text.HAL_QSPI_StatusMatchCallback
                0x0800a97c        0x4 ../libDaisy/build\libdaisy.a(stm32h7xx_hal_qspi.o)
                0x0800a97c                HAL_QSPI_StatusMatchCallback
 .text.HAL_QSPI_TimeOutCallback
                0x0800a980        0x4 ../libDaisy/build\libdaisy.a(stm32h7xx_hal_qspi.o)
                0x0800a980                HAL_QSPI_TimeOutCallback
 .text.HAL_QSPI_IRQHandler
                0x0800a984      0x210 ../libDaisy/build\libdaisy.a(stm32h7xx_hal_qspi.o)
                0x0800a984                HAL_QSPI_IRQHandler
 .text.HAL_RCC_GetSysClockFreq.part.0
                0x0800ab94      0x130 ../libDaisy/build\libdaisy.a(stm32h7xx_hal_rcc.o)
 .text.HAL_RCC_OscConfig
                0x0800acc4      0x5f4 ../libDaisy/build\libdaisy.a(stm32h7xx_hal_rcc.o)
                0x0800acc4                HAL_RCC_OscConfig
 .text.HAL_RCC_GetSysClockFreq
                0x0800b2b8      0x140 ../libDaisy/build\libdaisy.a(stm32h7xx_hal_rcc.o)
                0x0800b2b8                HAL_RCC_GetSysClockFreq
 .text.HAL_RCC_ClockConfig
                0x0800b3f8      0x250 ../libDaisy/build\libdaisy.a(stm32h7xx_hal_rcc.o)
                0x0800b3f8                HAL_RCC_ClockConfig
 .text.HAL_RCC_GetHCLKFreq
                0x0800b648       0x80 ../libDaisy/build\libdaisy.a(stm32h7xx_hal_rcc.o)
                0x0800b648                HAL_RCC_GetHCLKFreq
 .text.HAL_RCC_GetPCLK1Freq
                0x0800b6c8       0x90 ../libDaisy/build\libdaisy.a(stm32h7xx_hal_rcc.o)
                0x0800b6c8                HAL_RCC_GetPCLK1Freq
 .text.HAL_RCC_GetPCLK2Freq
                0x0800b758       0x90 ../libDaisy/build\libdaisy.a(stm32h7xx_hal_rcc.o)
                0x0800b758                HAL_RCC_GetPCLK2Freq
 .text.RCCEx_PLL2_Config
                0x0800b7e8       0xf4 ../libDaisy/build\libdaisy.a(stm32h7xx_hal_rcc_ex.o)
 .text.RCCEx_PLL3_Config
                0x0800b8dc       0xf4 ../libDaisy/build\libdaisy.a(stm32h7xx_hal_rcc_ex.o)
 .text.HAL_RCCEx_PeriphCLKConfig
                0x0800b9d0      0xbf8 ../libDaisy/build\libdaisy.a(stm32h7xx_hal_rcc_ex.o)
                0x0800b9d0                HAL_RCCEx_PeriphCLKConfig
 .text.HAL_RCCEx_GetD3PCLK1Freq
                0x0800c5c8       0x24 ../libDaisy/build\libdaisy.a(stm32h7xx_hal_rcc_ex.o)
                0x0800c5c8                HAL_RCCEx_GetD3PCLK1Freq
 .text.HAL_RCCEx_GetPLL2ClockFreq
                0x0800c5ec      0x17c ../libDaisy/build\libdaisy.a(stm32h7xx_hal_rcc_ex.o)
                0x0800c5ec                HAL_RCCEx_GetPLL2ClockFreq
 .text.HAL_RCCEx_GetPLL3ClockFreq
                0x0800c768      0x17c ../libDaisy/build\libdaisy.a(stm32h7xx_hal_rcc_ex.o)
                0x0800c768                HAL_RCCEx_GetPLL3ClockFreq
 .text.HAL_RCCEx_GetPLL1ClockFreq
                0x0800c8e4      0x18c ../libDaisy/build\libdaisy.a(stm32h7xx_hal_rcc_ex.o)
                0x0800c8e4                HAL_RCCEx_GetPLL1ClockFreq
 .text.HAL_RCCEx_GetPeriphCLKFreq
                0x0800ca70      0x390 ../libDaisy/build\libdaisy.a(stm32h7xx_hal_rcc_ex.o)
                0x0800ca70                HAL_RCCEx_GetPeriphCLKFreq
 .text.HAL_SAI_Init.part.0
                0x0800ce00      0x390 ../libDaisy/build\libdaisy.a(stm32h7xx_hal_sai.o)
 .text.HAL_SAI_InitProtocol
                0x0800d190      0x174 ../libDaisy/build\libdaisy.a(stm32h7xx_hal_sai.o)
                0x0800d190                HAL_SAI_InitProtocol
 .text.HAL_SAI_Transmit_DMA
                0x0800d304      0x124 ../libDaisy/build\libdaisy.a(stm32h7xx_hal_sai.o)
                0x0800d304                HAL_SAI_Transmit_DMA
 .text.HAL_SAI_Receive_DMA
                0x0800d428       0xd0 ../libDaisy/build\libdaisy.a(stm32h7xx_hal_sai.o)
                0x0800d428                HAL_SAI_Receive_DMA
 .text.HAL_SAI_TxCpltCallback
                0x0800d4f8        0x4 ../libDaisy/build\libdaisy.a(stm32h7xx_hal_sai.o)
                0x0800d4f8                HAL_SAI_TxCpltCallback
 .text.SAI_DMATxCplt
                0x0800d4fc       0x64 ../libDaisy/build\libdaisy.a(stm32h7xx_hal_sai.o)
 .text.HAL_SAI_TxHalfCpltCallback
                0x0800d560        0x4 ../libDaisy/build\libdaisy.a(stm32h7xx_hal_sai.o)
                0x0800d560                HAL_SAI_TxHalfCpltCallback
 .text.SAI_DMATxHalfCplt
                0x0800d564        0xc ../libDaisy/build\libdaisy.a(stm32h7xx_hal_sai.o)
 .text.SAI_DMARxCplt
                0x0800d570       0x64 ../libDaisy/build\libdaisy.a(stm32h7xx_hal_sai.o)
 .text.SAI_DMARxHalfCplt
                0x0800d5d4        0xc ../libDaisy/build\libdaisy.a(stm32h7xx_hal_sai.o)
 .text.HAL_SAI_ErrorCallback
                0x0800d5e0        0x4 ../libDaisy/build\libdaisy.a(stm32h7xx_hal_sai.o)
                0x0800d5e0                HAL_SAI_ErrorCallback
 .text.SAI_DMAError
                0x0800d5e4       0x6c ../libDaisy/build\libdaisy.a(stm32h7xx_hal_sai.o)
 .text.HAL_SDRAM_Init
                0x0800d650       0x54 ../libDaisy/build\libdaisy.a(stm32h7xx_hal_sdram.o)
                0x0800d650                HAL_SDRAM_Init
 .text.HAL_SDRAM_SendCommand
                0x0800d6a4       0x40 ../libDaisy/build\libdaisy.a(stm32h7xx_hal_sdram.o)
                0x0800d6a4                HAL_SDRAM_SendCommand
 .text.HAL_SDRAM_ProgramRefreshRate
                0x0800d6e4       0x30 ../libDaisy/build\libdaisy.a(stm32h7xx_hal_sdram.o)
                0x0800d6e4                HAL_SDRAM_ProgramRefreshRate
 .text.FMC_SDRAM_Init
                0x0800d714       0x7c ../libDaisy/build\libdaisy.a(stm32h7xx_ll_fmc.o)
                0x0800d714                FMC_SDRAM_Init
 .text.FMC_SDRAM_Timing_Init
                0x0800d790       0x98 ../libDaisy/build\libdaisy.a(stm32h7xx_ll_fmc.o)
                0x0800d790                FMC_SDRAM_Timing_Init
 .text.FMC_SDRAM_SendCommand
                0x0800d828       0x30 ../libDaisy/build\libdaisy.a(stm32h7xx_ll_fmc.o)
                0x0800d828                FMC_SDRAM_SendCommand
 .text.FMC_SDRAM_ProgramRefreshRate
                0x0800d858       0x1c ../libDaisy/build\libdaisy.a(stm32h7xx_ll_fmc.o)
                0x0800d858                FMC_SDRAM_ProgramRefreshRate
 .text.USB_SetTurnaroundTime
                0x0800d874       0xf4 ../libDaisy/build\libdaisy.a(stm32h7xx_ll_usb.o)
                0x0800d874                USB_SetTurnaroundTime
 .text.USB_FlushTxFifo
                0x0800d968       0x54 ../libDaisy/build\libdaisy.a(stm32h7xx_ll_usb.o)
                0x0800d968                USB_FlushTxFifo
 .text.USB_FlushRxFifo
                0x0800d9bc       0x50 ../libDaisy/build\libdaisy.a(stm32h7xx_ll_usb.o)
                0x0800d9bc                USB_FlushRxFifo
 .text.USB_GetDevSpeed
                0x0800da0c       0x18 ../libDaisy/build\libdaisy.a(stm32h7xx_ll_usb.o)
                0x0800da0c                USB_GetDevSpeed
 .text.USB_ActivateEndpoint
                0x0800da24       0x90 ../libDaisy/build\libdaisy.a(stm32h7xx_ll_usb.o)
                0x0800da24                USB_ActivateEndpoint
 .text.USB_EPStartXfer
                0x0800dab4      0x288 ../libDaisy/build\libdaisy.a(stm32h7xx_ll_usb.o)
                0x0800dab4                USB_EPStartXfer
 .text.USB_EPStopXfer
                0x0800dd3c       0x88 ../libDaisy/build\libdaisy.a(stm32h7xx_ll_usb.o)
                0x0800dd3c                USB_EPStopXfer
 .text.USB_WritePacket
                0x0800ddc4       0x2c ../libDaisy/build\libdaisy.a(stm32h7xx_ll_usb.o)
                0x0800ddc4                USB_WritePacket
 .text.USB_ReadPacket
                0x0800ddf0       0x4c ../libDaisy/build\libdaisy.a(stm32h7xx_ll_usb.o)
                0x0800ddf0                USB_ReadPacket
 .text.USB_EPSetStall
                0x0800de3c       0x68 ../libDaisy/build\libdaisy.a(stm32h7xx_ll_usb.o)
                0x0800de3c                USB_EPSetStall
 .text.USB_EPClearStall
                0x0800dea4       0x58 ../libDaisy/build\libdaisy.a(stm32h7xx_ll_usb.o)
                0x0800dea4                USB_EPClearStall
 .text.USB_SetDevAddress
                0x0800defc       0x24 ../libDaisy/build\libdaisy.a(stm32h7xx_ll_usb.o)
                0x0800defc                USB_SetDevAddress
 .text.USB_ReadInterrupts
                0x0800df20        0x8 ../libDaisy/build\libdaisy.a(stm32h7xx_ll_usb.o)
                0x0800df20                USB_ReadInterrupts
 .text.USB_ReadChInterrupts
                0x0800df28       0x10 ../libDaisy/build\libdaisy.a(stm32h7xx_ll_usb.o)
                0x0800df28                USB_ReadChInterrupts
 .text.USB_ReadDevAllOutEpInterrupt
                0x0800df38       0x10 ../libDaisy/build\libdaisy.a(stm32h7xx_ll_usb.o)
                0x0800df38                USB_ReadDevAllOutEpInterrupt
 .text.USB_ReadDevAllInEpInterrupt
                0x0800df48       0x10 ../libDaisy/build\libdaisy.a(stm32h7xx_ll_usb.o)
                0x0800df48                USB_ReadDevAllInEpInterrupt
 .text.USB_ReadDevOutEPInterrupt
                0x0800df58       0x14 ../libDaisy/build\libdaisy.a(stm32h7xx_ll_usb.o)
                0x0800df58                USB_ReadDevOutEPInterrupt
 .text.USB_ReadDevInEPInterrupt
                0x0800df6c       0x20 ../libDaisy/build\libdaisy.a(stm32h7xx_ll_usb.o)
                0x0800df6c                USB_ReadDevInEPInterrupt
 .text.USB_GetMode
                0x0800df8c        0x8 ../libDaisy/build\libdaisy.a(stm32h7xx_ll_usb.o)
                0x0800df8c                USB_GetMode
 .text.USB_ActivateSetup
                0x0800df94       0x2c ../libDaisy/build\libdaisy.a(stm32h7xx_ll_usb.o)
                0x0800df94                USB_ActivateSetup
 .text.USB_EP0_OutStart
                0x0800dfc0       0x58 ../libDaisy/build\libdaisy.a(stm32h7xx_ll_usb.o)
                0x0800dfc0                USB_EP0_OutStart
 .text.USB_InitFSLSPClkSel
                0x0800e018       0x44 ../libDaisy/build\libdaisy.a(stm32h7xx_ll_usb.o)
                0x0800e018                USB_InitFSLSPClkSel
 .text.USB_HC_ReadInterrupt
                0x0800e05c        0x8 ../libDaisy/build\libdaisy.a(stm32h7xx_ll_usb.o)
                0x0800e05c                USB_HC_ReadInterrupt
 .text.USB_HC_Halt
                0x0800e064       0xe4 ../libDaisy/build\libdaisy.a(stm32h7xx_ll_usb.o)
                0x0800e064                USB_HC_Halt
 .text.USB_StopHost
                0x0800e148      0x1e4 ../libDaisy/build\libdaisy.a(stm32h7xx_ll_usb.o)
                0x0800e148                USB_StopHost
 .text.USBD_SetClassConfig
                0x0800e32c       0x10 ../libDaisy/build\libdaisy.a(usbd_core.o)
                0x0800e32c                USBD_SetClassConfig
 .text.USBD_ClrClassConfig
                0x0800e33c       0x14 ../libDaisy/build\libdaisy.a(usbd_core.o)
                0x0800e33c                USBD_ClrClassConfig
 .text.USBD_LL_SetupStage
                0x0800e350       0x60 ../libDaisy/build\libdaisy.a(usbd_core.o)
                0x0800e350                USBD_LL_SetupStage
 .text.USBD_LL_DataOutStage
                0x0800e3b0       0x74 ../libDaisy/build\libdaisy.a(usbd_core.o)
                0x0800e3b0                USBD_LL_DataOutStage
 .text.USBD_LL_DataInStage
                0x0800e424       0xc0 ../libDaisy/build\libdaisy.a(usbd_core.o)
                0x0800e424                USBD_LL_DataInStage
 .text.USBD_LL_Reset
                0x0800e4e4       0x5c ../libDaisy/build\libdaisy.a(usbd_core.o)
                0x0800e4e4                USBD_LL_Reset
 .text.USBD_LL_SetSpeed
                0x0800e540        0x8 ../libDaisy/build\libdaisy.a(usbd_core.o)
                0x0800e540                USBD_LL_SetSpeed
 .text.USBD_LL_Suspend
                0x0800e548       0x20 ../libDaisy/build\libdaisy.a(usbd_core.o)
                0x0800e548                USBD_LL_Suspend
 .text.USBD_LL_Resume
                0x0800e568       0x18 ../libDaisy/build\libdaisy.a(usbd_core.o)
                0x0800e568                USBD_LL_Resume
 .text.USBD_LL_SOF
                0x0800e580       0x20 ../libDaisy/build\libdaisy.a(usbd_core.o)
                0x0800e580                USBD_LL_SOF
 .text.USBD_LL_IsoINIncomplete
                0x0800e5a0       0x2c ../libDaisy/build\libdaisy.a(usbd_core.o)
                0x0800e5a0                USBD_LL_IsoINIncomplete
 .text.USBD_LL_IsoOUTIncomplete
                0x0800e5cc       0x2c ../libDaisy/build\libdaisy.a(usbd_core.o)
                0x0800e5cc                USBD_LL_IsoOUTIncomplete
 .text.USBD_LL_DevConnected
                0x0800e5f8        0x4 ../libDaisy/build\libdaisy.a(usbd_core.o)
                0x0800e5f8                USBD_LL_DevConnected
 .text.USBD_LL_DevDisconnected
                0x0800e5fc       0x24 ../libDaisy/build\libdaisy.a(usbd_core.o)
                0x0800e5fc                USBD_LL_DevDisconnected
 .text.USBD_CoreFindIF
                0x0800e620        0x4 ../libDaisy/build\libdaisy.a(usbd_core.o)
                0x0800e620                USBD_CoreFindIF
 .text.USBD_CoreFindEP
                0x0800e624        0x4 ../libDaisy/build\libdaisy.a(usbd_core.o)
                0x0800e624                USBD_CoreFindEP
 .text.USBD_StdDevReq
                0x0800e628      0x360 ../libDaisy/build\libdaisy.a(usbd_ctlreq.o)
                0x0800e628                USBD_StdDevReq
 .text.USBD_StdItfReq
                0x0800e988       0x84 ../libDaisy/build\libdaisy.a(usbd_ctlreq.o)
                0x0800e988                USBD_StdItfReq
 .text.USBD_StdEPReq
                0x0800ea0c      0x160 ../libDaisy/build\libdaisy.a(usbd_ctlreq.o)
                0x0800ea0c                USBD_StdEPReq
 .text.USBD_ParseSetupRequest
                0x0800eb6c       0x18 ../libDaisy/build\libdaisy.a(usbd_ctlreq.o)
                0x0800eb6c                USBD_ParseSetupRequest
 .text.USBD_CtlSendData
                0x0800eb84       0x1c ../libDaisy/build\libdaisy.a(usbd_ioreq.o)
                0x0800eb84                USBD_CtlSendData
 .text.USBD_CtlContinueSendData
                0x0800eba0       0x14 ../libDaisy/build\libdaisy.a(usbd_ioreq.o)
                0x0800eba0                USBD_CtlContinueSendData
 .text.USBD_CtlContinueRx
                0x0800ebb4       0x14 ../libDaisy/build\libdaisy.a(usbd_ioreq.o)
                0x0800ebb4                USBD_CtlContinueRx
 .text.USBD_CtlSendStatus
                0x0800ebc8       0x18 ../libDaisy/build\libdaisy.a(usbd_ioreq.o)
                0x0800ebc8                USBD_CtlSendStatus
 .text.USBD_CtlReceiveStatus
                0x0800ebe0       0x18 ../libDaisy/build\libdaisy.a(usbd_ioreq.o)
                0x0800ebe0                USBD_CtlReceiveStatus
 .text.USBH_LL_IncTimer
                0x0800ebf8       0x20 ../libDaisy/build\libdaisy.a(usbh_core.o)
                0x0800ebf8                USBH_LL_IncTimer
 .text.USBH_LL_PortEnabled
                0x0800ec18        0x8 ../libDaisy/build\libdaisy.a(usbh_core.o)
                0x0800ec18                USBH_LL_PortEnabled
 .text.USBH_LL_PortDisabled
                0x0800ec20        0x8 ../libDaisy/build\libdaisy.a(usbh_core.o)
                0x0800ec20                USBH_LL_PortDisabled
 .text.USBH_LL_Connect
                0x0800ec28       0x18 ../libDaisy/build\libdaisy.a(usbh_core.o)
                0x0800ec28                USBH_LL_Connect
 .text.USBH_LL_Disconnect
                0x0800ec40       0x2c ../libDaisy/build\libdaisy.a(usbh_core.o)
                0x0800ec40                USBH_LL_Disconnect
 .text.USBH_FreePipe
                0x0800ec6c       0x18 ../libDaisy/build\libdaisy.a(usbh_pipes.o)
                0x0800ec6c                USBH_FreePipe
 .text._ZN5daisy6Random4InitEv
                0x0800ec84       0x3c ../libDaisy/build\libdaisy.a(rng.o)
                0x0800ec84                daisy::Random::Init()
 .text._ZN5daisy9SpiHandle4Impl7InitDmaEv
                0x0800ecc0       0xec ../libDaisy/build\libdaisy.a(spi.o)
                0x0800ecc0                daisy::SpiHandle::Impl::InitDma()
 .text._ZN5daisy9SpiHandle4Impl10StartDmaTxEPhjPFvPvEPFvS3_NS0_6ResultEES3_
                0x0800edac       0xc8 ../libDaisy/build\libdaisy.a(spi.o)
                0x0800edac                daisy::SpiHandle::Impl::StartDmaTx(unsigned char*, unsigned int, void (*)(void*), void (*)(void*, daisy::SpiHandle::Result), void*)
 .text._ZN5daisy9SpiHandle4Impl10StartDmaRxEPhjPFvPvEPFvS3_NS0_6ResultEES3_
                0x0800ee74       0xc8 ../libDaisy/build\libdaisy.a(spi.o)
                0x0800ee74                daisy::SpiHandle::Impl::StartDmaRx(unsigned char*, unsigned int, void (*)(void*), void (*)(void*, daisy::SpiHandle::Result), void*)
 .text._ZN5daisy9SpiHandle4Impl12StartDmaRxTxEPhS2_jPFvPvEPFvS3_NS0_6ResultEES3_
                0x0800ef3c       0xcc ../libDaisy/build\libdaisy.a(spi.o)
                0x0800ef3c                daisy::SpiHandle::Impl::StartDmaRxTx(unsigned char*, unsigned char*, unsigned int, void (*)(void*), void (*)(void*, daisy::SpiHandle::Result), void*)
 .text._ZN5daisy9SpiHandle4Impl8InitPinsEv
                0x0800f008      0x25c ../libDaisy/build\libdaisy.a(spi.o)
                0x0800f008                daisy::SpiHandle::Impl::InitPins()
 .text.HAL_SPI_MspInit
                0x0800f264      0x6e8 ../libDaisy/build\libdaisy.a(spi.o)
                0x0800f264                HAL_SPI_MspInit
 .text.dsy_spi_global_init
                0x0800f94c       0x80 ../libDaisy/build\libdaisy.a(spi.o)
                0x0800f94c                dsy_spi_global_init
 .text.SPI1_IRQHandler
                0x0800f9cc        0xc ../libDaisy/build\libdaisy.a(spi.o)
                0x0800f9cc                SPI1_IRQHandler
 .text.SPI2_IRQHandler
                0x0800f9d8        0xc ../libDaisy/build\libdaisy.a(spi.o)
                0x0800f9d8                SPI2_IRQHandler
 .text.SPI3_IRQHandler
                0x0800f9e4        0xc ../libDaisy/build\libdaisy.a(spi.o)
                0x0800f9e4                SPI3_IRQHandler
 .text.SPI4_IRQHandler
                0x0800f9f0        0xc ../libDaisy/build\libdaisy.a(spi.o)
                0x0800f9f0                SPI4_IRQHandler
 .text.SPI5_IRQHandler
                0x0800f9fc        0xc ../libDaisy/build\libdaisy.a(spi.o)
                0x0800f9fc                SPI5_IRQHandler
 .text.DMA2_Stream2_IRQHandler
                0x0800fa08       0x34 ../libDaisy/build\libdaisy.a(spi.o)
                0x0800fa08                DMA2_Stream2_IRQHandler
 .text.DMA2_Stream3_IRQHandler
                0x0800fa3c       0x38 ../libDaisy/build\libdaisy.a(spi.o)
                0x0800fa3c                DMA2_Stream3_IRQHandler
 .text.HAL_SPI_TxCpltCallback
                0x0800fa74       0xc4 ../libDaisy/build\libdaisy.a(spi.o)
                0x0800fa74                HAL_SPI_TxCpltCallback
 .text.HAL_SPI_RxCpltCallback
                0x0800fb38       0xc4 ../libDaisy/build\libdaisy.a(spi.o)
                0x0800fb38                HAL_SPI_RxCpltCallback
 .text.HAL_SPI_TxRxCpltCallback
                0x0800fbfc       0xc4 ../libDaisy/build\libdaisy.a(spi.o)
                0x0800fbfc                HAL_SPI_TxRxCpltCallback
 .text.HAL_SPI_ErrorCallback
                0x0800fcc0       0xc8 ../libDaisy/build\libdaisy.a(spi.o)
                0x0800fcc0                HAL_SPI_ErrorCallback
 .text.startup._GLOBAL__sub_I__Z19MapInstanceToHandleP11SPI_TypeDef
                0x0800fd88      0x1d8 ../libDaisy/build\libdaisy.a(spi.o)
 .text.HAL_TIM_Base_MspInit
                0x0800ff60      0x1e0 ../libDaisy/build\libdaisy.a(tim.o)
                0x0800ff60                HAL_TIM_Base_MspInit
 .text.HAL_TIM_PeriodElapsedCallback
                0x08010140       0x44 ../libDaisy/build\libdaisy.a(tim.o)
                0x08010140                HAL_TIM_PeriodElapsedCallback
 .text.TIM2_IRQHandler
                0x08010184        0xc ../libDaisy/build\libdaisy.a(tim.o)
                0x08010184                TIM2_IRQHandler
 .text.TIM3_IRQHandler
                0x08010190        0xc ../libDaisy/build\libdaisy.a(tim.o)
                0x08010190                TIM3_IRQHandler
 .text.TIM4_IRQHandler
                0x0801019c        0xc ../libDaisy/build\libdaisy.a(tim.o)
                0x0801019c                TIM4_IRQHandler
 .text.TIM5_IRQHandler
                0x080101a8        0xc ../libDaisy/build\libdaisy.a(tim.o)
                0x080101a8                TIM5_IRQHandler
 .text._ZN5daisy11TimerHandle4InitERKNS0_6ConfigE
                0x080101b4       0xd0 ../libDaisy/build\libdaisy.a(tim.o)
                0x080101b4                daisy::TimerHandle::Init(daisy::TimerHandle::Config const&)
 .text._ZN5daisy11TimerHandle5StartEv
                0x08010284       0x24 ../libDaisy/build\libdaisy.a(tim.o)
                0x08010284                daisy::TimerHandle::Start()
 .text.startup._GLOBAL__sub_I__ZN5daisy11TimerHandle4Impl4InitERKNS0_6ConfigE
                0x080102a8       0x38 ../libDaisy/build\libdaisy.a(tim.o)
 .text._ZL20UART_CheckRxListenerPN5daisy11UartHandler4ImplE
                0x080102e0       0x84 ../libDaisy/build\libdaisy.a(uart.o)
 .text._ZN5daisy11UartHandler4Impl10StartDmaTxEPhjPFvPvEPFvS3_NS0_6ResultEES3_
                0x08010364      0x184 ../libDaisy/build\libdaisy.a(uart.o)
                0x08010364                daisy::UartHandler::Impl::StartDmaTx(unsigned char*, unsigned int, void (*)(void*), void (*)(void*, daisy::UartHandler::Result), void*)
 .text._ZN5daisy11UartHandler4Impl10StartDmaRxEPhjPFvPvEPFvS3_NS0_6ResultEES3_
                0x080104e8      0x184 ../libDaisy/build\libdaisy.a(uart.o)
                0x080104e8                daisy::UartHandler::Impl::StartDmaRx(unsigned char*, unsigned int, void (*)(void*), void (*)(void*, daisy::UartHandler::Result), void*)
 .text._ZN5daisy11UartHandler4Impl19DmaTransferFinishedEP20__UART_HandleTypeDefNS0_6ResultE
                0x0801066c       0xc0 ../libDaisy/build\libdaisy.a(uart.o)
                0x0801066c                daisy::UartHandler::Impl::DmaTransferFinished(__UART_HandleTypeDef*, daisy::UartHandler::Result)
 .text._ZN5daisy11UartHandler4Impl8InitPinsEv
                0x0801072c      0x148 ../libDaisy/build\libdaisy.a(uart.o)
                0x0801072c                daisy::UartHandler::Impl::InitPins()
 .text.HAL_UART_MspInit
                0x08010874      0x4b4 ../libDaisy/build\libdaisy.a(uart.o)
                0x08010874                HAL_UART_MspInit
 .text.dsy_uart_global_init
                0x08010d28      0x110 ../libDaisy/build\libdaisy.a(uart.o)
                0x08010d28                dsy_uart_global_init
 .text.USART1_IRQHandler
                0x08010e38       0x2c ../libDaisy/build\libdaisy.a(uart.o)
                0x08010e38                USART1_IRQHandler
 .text.USART2_IRQHandler
                0x08010e64       0x34 ../libDaisy/build\libdaisy.a(uart.o)
                0x08010e64                USART2_IRQHandler
 .text.USART3_IRQHandler
                0x08010e98       0x34 ../libDaisy/build\libdaisy.a(uart.o)
                0x08010e98                USART3_IRQHandler
 .text.UART4_IRQHandler
                0x08010ecc       0x34 ../libDaisy/build\libdaisy.a(uart.o)
                0x08010ecc                UART4_IRQHandler
 .text.UART5_IRQHandler
                0x08010f00       0x34 ../libDaisy/build\libdaisy.a(uart.o)
                0x08010f00                UART5_IRQHandler
 .text.USART6_IRQHandler
                0x08010f34       0x34 ../libDaisy/build\libdaisy.a(uart.o)
                0x08010f34                USART6_IRQHandler
 .text.UART7_IRQHandler
                0x08010f68       0x34 ../libDaisy/build\libdaisy.a(uart.o)
                0x08010f68                UART7_IRQHandler
 .text.UART8_IRQHandler
                0x08010f9c       0x34 ../libDaisy/build\libdaisy.a(uart.o)
                0x08010f9c                UART8_IRQHandler
 .text.LPUART1_IRQHandler
                0x08010fd0       0x34 ../libDaisy/build\libdaisy.a(uart.o)
                0x08010fd0                LPUART1_IRQHandler
 .text.DMA1_Stream5_IRQHandler
                0x08011004       0x34 ../libDaisy/build\libdaisy.a(uart.o)
                0x08011004                DMA1_Stream5_IRQHandler
 .text.DMA2_Stream4_IRQHandler
                0x08011038       0x38 ../libDaisy/build\libdaisy.a(uart.o)
                0x08011038                DMA2_Stream4_IRQHandler
 .text.HAL_UART_TxCpltCallback
                0x08011070        0x8 ../libDaisy/build\libdaisy.a(uart.o)
                0x08011070                HAL_UART_TxCpltCallback
 .text.HAL_UART_RxCpltCallback
                0x08011078       0x94 ../libDaisy/build\libdaisy.a(uart.o)
                0x08011078                HAL_UART_RxCpltCallback
 .text.HAL_UART_RxHalfCpltCallback
                0x0801110c       0x90 ../libDaisy/build\libdaisy.a(uart.o)
                0x0801110c                HAL_UART_RxHalfCpltCallback
 .text.HAL_UART_ErrorCallback
                0x0801119c       0x94 ../libDaisy/build\libdaisy.a(uart.o)
                0x0801119c                HAL_UART_ErrorCallback
 .text.startup._GLOBAL__sub_I__Z19MapInstanceToHandleP13USART_TypeDef
                0x08011230      0x1b0 ../libDaisy/build\libdaisy.a(uart.o)
 .text.dsy_dma_init
                0x080113e0      0x100 ../libDaisy/build\libdaisy.a(dma.o)
                0x080113e0                dsy_dma_init
 .text.dsy_dma_invalidate_cache_for_buffer
                0x080114e0       0x2c ../libDaisy/build\libdaisy.a(dma.o)
                0x080114e0                dsy_dma_invalidate_cache_for_buffer
 .text.HAL_MDMA_Abort_IT
                0x0801150c       0x2c ../libDaisy/build\libdaisy.a(stm32h7xx_hal_mdma.o)
                0x0801150c                HAL_MDMA_Abort_IT
 .text.SPI_CloseTransfer
                0x08011538       0xb8 ../libDaisy/build\libdaisy.a(stm32h7xx_hal_spi.o)
 .text.HAL_SPI_Init
                0x080115f0      0x1a8 ../libDaisy/build\libdaisy.a(stm32h7xx_hal_spi.o)
                0x080115f0                HAL_SPI_Init
 .text.HAL_SPI_Transmit_DMA
                0x08011798      0x180 ../libDaisy/build\libdaisy.a(stm32h7xx_hal_spi.o)
                0x08011798                HAL_SPI_Transmit_DMA
 .text.HAL_SPI_Receive_DMA
                0x08011918      0x194 ../libDaisy/build\libdaisy.a(stm32h7xx_hal_spi.o)
                0x08011918                HAL_SPI_Receive_DMA
 .text.HAL_SPI_TransmitReceive_DMA
                0x08011aac      0x214 ../libDaisy/build\libdaisy.a(stm32h7xx_hal_spi.o)
                0x08011aac                HAL_SPI_TransmitReceive_DMA
 .text.SPI_DMATransmitCplt
                0x08011cc0       0x28 ../libDaisy/build\libdaisy.a(stm32h7xx_hal_spi.o)
 .text.SPI_DMAReceiveCplt
                0x08011ce8       0x28 ../libDaisy/build\libdaisy.a(stm32h7xx_hal_spi.o)
 .text.SPI_DMATransmitReceiveCplt
                0x08011d10       0x28 ../libDaisy/build\libdaisy.a(stm32h7xx_hal_spi.o)
 .text.HAL_SPI_TxHalfCpltCallback
                0x08011d38        0x4 ../libDaisy/build\libdaisy.a(stm32h7xx_hal_spi.o)
                0x08011d38                HAL_SPI_TxHalfCpltCallback
 .text.SPI_DMAHalfTransmitCplt
                0x08011d3c        0xc ../libDaisy/build\libdaisy.a(stm32h7xx_hal_spi.o)
 .text.HAL_SPI_RxHalfCpltCallback
                0x08011d48        0x4 ../libDaisy/build\libdaisy.a(stm32h7xx_hal_spi.o)
                0x08011d48                HAL_SPI_RxHalfCpltCallback
 .text.SPI_DMAHalfReceiveCplt
                0x08011d4c        0xc ../libDaisy/build\libdaisy.a(stm32h7xx_hal_spi.o)
 .text.HAL_SPI_TxRxHalfCpltCallback
                0x08011d58        0x4 ../libDaisy/build\libdaisy.a(stm32h7xx_hal_spi.o)
                0x08011d58                HAL_SPI_TxRxHalfCpltCallback
 .text.SPI_DMAHalfTransmitReceiveCplt
                0x08011d5c        0xc ../libDaisy/build\libdaisy.a(stm32h7xx_hal_spi.o)
 .text.SPI_DMAError
                0x08011d68       0xd8 ../libDaisy/build\libdaisy.a(stm32h7xx_hal_spi.o)
 .text.SPI_DMAAbortOnError
                0x08011e40       0x1c ../libDaisy/build\libdaisy.a(stm32h7xx_hal_spi.o)
 .text.HAL_SPI_SuspendCallback
                0x08011e5c        0x4 ../libDaisy/build\libdaisy.a(stm32h7xx_hal_spi.o)
                0x08011e5c                HAL_SPI_SuspendCallback
 .text.HAL_SPI_IRQHandler
                0x08011e60      0x214 ../libDaisy/build\libdaisy.a(stm32h7xx_hal_spi.o)
                0x08011e60                HAL_SPI_IRQHandler
 .text.HAL_SPI_GetState
                0x08012074        0x8 ../libDaisy/build\libdaisy.a(stm32h7xx_hal_spi.o)
                0x08012074                HAL_SPI_GetState
 .text.HAL_TIM_Base_Init
                0x0801207c      0x16c ../libDaisy/build\libdaisy.a(stm32h7xx_hal_tim.o)
                0x0801207c                HAL_TIM_Base_Init
 .text.HAL_TIM_Base_Start
                0x080121e8       0xb0 ../libDaisy/build\libdaisy.a(stm32h7xx_hal_tim.o)
                0x080121e8                HAL_TIM_Base_Start
 .text.HAL_TIM_Base_Start_IT
                0x08012298       0xb8 ../libDaisy/build\libdaisy.a(stm32h7xx_hal_tim.o)
                0x08012298                HAL_TIM_Base_Start_IT
 .text.HAL_TIM_ConfigClockSource
                0x08012350      0x198 ../libDaisy/build\libdaisy.a(stm32h7xx_hal_tim.o)
                0x08012350                HAL_TIM_ConfigClockSource
 .text.HAL_TIM_OC_DelayElapsedCallback
                0x080124e8        0x4 ../libDaisy/build\libdaisy.a(stm32h7xx_hal_tim.o)
                0x080124e8                HAL_TIM_OC_DelayElapsedCallback
 .text.HAL_TIM_IC_CaptureCallback
                0x080124ec        0x4 ../libDaisy/build\libdaisy.a(stm32h7xx_hal_tim.o)
                0x080124ec                HAL_TIM_IC_CaptureCallback
 .text.HAL_TIM_PWM_PulseFinishedCallback
                0x080124f0        0x4 ../libDaisy/build\libdaisy.a(stm32h7xx_hal_tim.o)
                0x080124f0                HAL_TIM_PWM_PulseFinishedCallback
 .text.HAL_TIM_TriggerCallback
                0x080124f4        0x4 ../libDaisy/build\libdaisy.a(stm32h7xx_hal_tim.o)
                0x080124f4                HAL_TIM_TriggerCallback
 .text.HAL_TIM_IRQHandler
                0x080124f8      0x154 ../libDaisy/build\libdaisy.a(stm32h7xx_hal_tim.o)
                0x080124f8                HAL_TIM_IRQHandler
 .text.HAL_TIMEx_MasterConfigSynchronization
                0x0801264c       0xb4 ../libDaisy/build\libdaisy.a(stm32h7xx_hal_tim_ex.o)
                0x0801264c                HAL_TIMEx_MasterConfigSynchronization
 .text.HAL_TIMEx_CommutCallback
                0x08012700        0x4 ../libDaisy/build\libdaisy.a(stm32h7xx_hal_tim_ex.o)
                0x08012700                HAL_TIMEx_CommutCallback
 .text.HAL_TIMEx_BreakCallback
                0x08012704        0x4 ../libDaisy/build\libdaisy.a(stm32h7xx_hal_tim_ex.o)
                0x08012704                HAL_TIMEx_BreakCallback
 .text.HAL_TIMEx_Break2Callback
                0x08012708        0x4 ../libDaisy/build\libdaisy.a(stm32h7xx_hal_tim_ex.o)
                0x08012708                HAL_TIMEx_Break2Callback
 .text.HAL_UART_Transmit_DMA
                0x0801270c       0x8c ../libDaisy/build\libdaisy.a(stm32h7xx_hal_uart.o)
                0x0801270c                HAL_UART_Transmit_DMA
 .text.UART_DMATransmitCplt
                0x08012798       0x44 ../libDaisy/build\libdaisy.a(stm32h7xx_hal_uart.o)
 .text.HAL_UART_TxHalfCpltCallback
                0x080127dc        0x4 ../libDaisy/build\libdaisy.a(stm32h7xx_hal_uart.o)
                0x080127dc                HAL_UART_TxHalfCpltCallback
 .text.UART_DMATxHalfCplt
                0x080127e0        0xc ../libDaisy/build\libdaisy.a(stm32h7xx_hal_uart.o)
 .text.UART_DMAError
                0x080127ec       0xd4 ../libDaisy/build\libdaisy.a(stm32h7xx_hal_uart.o)
 .text.UART_DMAAbortOnError
                0x080128c0       0x14 ../libDaisy/build\libdaisy.a(stm32h7xx_hal_uart.o)
 .text.HAL_UARTEx_RxEventCallback
                0x080128d4        0x4 ../libDaisy/build\libdaisy.a(stm32h7xx_hal_uart.o)
                0x080128d4                HAL_UARTEx_RxEventCallback
 .text.HAL_UART_IRQHandler
                0x080128d8      0x380 ../libDaisy/build\libdaisy.a(stm32h7xx_hal_uart.o)
                0x080128d8                HAL_UART_IRQHandler
 .text.UART_DMARxHalfCplt
                0x08012c58       0x20 ../libDaisy/build\libdaisy.a(stm32h7xx_hal_uart.o)
 .text.UART_DMAReceiveCplt
                0x08012c78       0x9c ../libDaisy/build\libdaisy.a(stm32h7xx_hal_uart.o)
 .text.HAL_UART_GetState
                0x08012d14        0xc ../libDaisy/build\libdaisy.a(stm32h7xx_hal_uart.o)
                0x08012d14                HAL_UART_GetState
 .text.UART_SetConfig
                0x08012d20      0x534 ../libDaisy/build\libdaisy.a(stm32h7xx_hal_uart.o)
                0x08012d20                UART_SetConfig
 .text.UART_AdvFeatureConfig
                0x08013254       0xb0 ../libDaisy/build\libdaisy.a(stm32h7xx_hal_uart.o)
                0x08013254                UART_AdvFeatureConfig
 .text.UART_CheckIdleState
                0x08013304      0x260 ../libDaisy/build\libdaisy.a(stm32h7xx_hal_uart.o)
                0x08013304                UART_CheckIdleState
 .text.HAL_UART_Init
                0x08013564       0x68 ../libDaisy/build\libdaisy.a(stm32h7xx_hal_uart.o)
                0x08013564                HAL_UART_Init
 .text.UART_Start_Receive_DMA
                0x080135cc       0xa4 ../libDaisy/build\libdaisy.a(stm32h7xx_hal_uart.o)
                0x080135cc                UART_Start_Receive_DMA
 .text.HAL_UART_Receive_DMA
                0x08013670       0x48 ../libDaisy/build\libdaisy.a(stm32h7xx_hal_uart.o)
                0x08013670                HAL_UART_Receive_DMA
 .text.HAL_UARTEx_WakeupCallback
                0x080136b8        0x4 ../libDaisy/build\libdaisy.a(stm32h7xx_hal_uart_ex.o)
                0x080136b8                HAL_UARTEx_WakeupCallback
 .text.HAL_UARTEx_RxFifoFullCallback
                0x080136bc        0x4 ../libDaisy/build\libdaisy.a(stm32h7xx_hal_uart_ex.o)
                0x080136bc                HAL_UARTEx_RxFifoFullCallback
 .text.HAL_UARTEx_TxFifoEmptyCallback
                0x080136c0        0x4 ../libDaisy/build\libdaisy.a(stm32h7xx_hal_uart_ex.o)
                0x080136c0                HAL_UARTEx_TxFifoEmptyCallback
 .text._ZN7daisysp10Oscillator7ProcessEv
                0x080136c4      0x36c ../DaisySP/build\libdaisysp.a(oscillator.o)
                0x080136c4                daisysp::Oscillator::Process()
 .text._ZN7daisysp10Oscillator12CalcPhaseIncEf
                0x08013a30        0xc ../DaisySP/build\libdaisysp.a(oscillator.o)
                0x08013a30                daisysp::Oscillator::CalcPhaseInc(float)
 .text.__aeabi_atexit
                0x08013a3c        0xa c:/bin/daisytoolchain/bin/../lib/gcc/arm-none-eabi/10.2.1/../../../../arm-none-eabi/lib/thumb/v7e-m+dp/hard\libstdc++_nano.a(atexit_arm.o)
                0x08013a3c                __aeabi_atexit
 *fill*         0x08013a46        0x2 
 .text.expf     0x08013a48       0xe4 c:/bin/daisytoolchain/bin/../lib/gcc/arm-none-eabi/10.2.1/../../../../arm-none-eabi/lib/thumb/v7e-m+dp/hard\libm.a(lib_a-sf_exp.o)
                0x08013a48                expf
 .text.logf     0x08013b2c       0xc8 c:/bin/daisytoolchain/bin/../lib/gcc/arm-none-eabi/10.2.1/../../../../arm-none-eabi/lib/thumb/v7e-m+dp/hard\libm.a(lib_a-sf_log.o)
                0x08013b2c                logf
 *fill*         0x08013bf4        0x4 
 .text.sinf     0x08013bf8      0x20c c:/bin/daisytoolchain/bin/../lib/gcc/arm-none-eabi/10.2.1/../../../../arm-none-eabi/lib/thumb/v7e-m+dp/hard\libm.a(lib_a-sinf.o)
                0x08013bf8                sinf
 .text.with_errnof
                0x08013e04       0x18 c:/bin/daisytoolchain/bin/../lib/gcc/arm-none-eabi/10.2.1/../../../../arm-none-eabi/lib/thumb/v7e-m+dp/hard\libm.a(lib_a-math_errf.o)
 .text.xflowf   0x08013e1c       0x20 c:/bin/daisytoolchain/bin/../lib/gcc/arm-none-eabi/10.2.1/../../../../arm-none-eabi/lib/thumb/v7e-m+dp/hard\libm.a(lib_a-math_errf.o)
 .text.__math_uflowf
                0x08013e3c        0xc c:/bin/daisytoolchain/bin/../lib/gcc/arm-none-eabi/10.2.1/../../../../arm-none-eabi/lib/thumb/v7e-m+dp/hard\libm.a(lib_a-math_errf.o)
                0x08013e3c                __math_uflowf
 .text.__math_may_uflowf
                0x08013e48        0xc c:/bin/daisytoolchain/bin/../lib/gcc/arm-none-eabi/10.2.1/../../../../arm-none-eabi/lib/thumb/v7e-m+dp/hard\libm.a(lib_a-math_errf.o)
                0x08013e48                __math_may_uflowf
 .text.__math_oflowf
                0x08013e54        0xc c:/bin/daisytoolchain/bin/../lib/gcc/arm-none-eabi/10.2.1/../../../../arm-none-eabi/lib/thumb/v7e-m+dp/hard\libm.a(lib_a-math_errf.o)
                0x08013e54                __math_oflowf
 .text.__math_divzerof
                0x08013e60       0x24 c:/bin/daisytoolchain/bin/../lib/gcc/arm-none-eabi/10.2.1/../../../../arm-none-eabi/lib/thumb/v7e-m+dp/hard\libm.a(lib_a-math_errf.o)
                0x08013e60                __math_divzerof
 .text.__math_invalidf
                0x08013e84       0x20 c:/bin/daisytoolchain/bin/../lib/gcc/arm-none-eabi/10.2.1/../../../../arm-none-eabi/lib/thumb/v7e-m+dp/hard\libm.a(lib_a-math_errf.o)
                0x08013e84                __math_invalidf
 .text.__cxa_atexit
                0x08013ea4       0x1c c:/bin/daisytoolchain/bin/../lib/gcc/arm-none-eabi/10.2.1/../../../../arm-none-eabi/lib/thumb/v7e-m+dp/hard\libc_nano.a(lib_a-cxa_atexit.o)
                0x08013ea4                __cxa_atexit
 .text.__errno  0x08013ec0        0xc c:/bin/daisytoolchain/bin/../lib/gcc/arm-none-eabi/10.2.1/../../../../arm-none-eabi/lib/thumb/v7e-m+dp/hard\libc_nano.a(lib_a-errno.o)
                0x08013ec0                __errno
 .text.__libc_init_array
                0x08013ecc       0x48 c:/bin/daisytoolchain/bin/../lib/gcc/arm-none-eabi/10.2.1/../../../../arm-none-eabi/lib/thumb/v7e-m+dp/hard\libc_nano.a(lib_a-init.o)
                0x08013ecc                __libc_init_array
 .text.memcpy   0x08013f14       0x1c c:/bin/daisytoolchain/bin/../lib/gcc/arm-none-eabi/10.2.1/../../../../arm-none-eabi/lib/thumb/v7e-m+dp/hard\libc_nano.a(lib_a-memcpy-stub.o)
                0x08013f14                memcpy
 .text.memset   0x08013f30       0x10 c:/bin/daisytoolchain/bin/../lib/gcc/arm-none-eabi/10.2.1/../../../../arm-none-eabi/lib/thumb/v7e-m+dp/hard\libc_nano.a(lib_a-memset.o)
                0x08013f30                memset
 *(.rodata)
 .rodata        0x08013f40       0x10 ../libDaisy/build\libdaisy.a(daisy_seed.o)
 .rodata        0x08013f50       0x10 ../libDaisy/build\libdaisy.a(i2c.o)
 .rodata        0x08013f60       0x10 ../libDaisy/build\libdaisy.a(tim.o)
 .rodata        0x08013f70       0x12 ../libDaisy/build\libdaisy.a(uart.o)
 *(.rodata*)
 *fill*         0x08013f82        0x2 
 .rodata._ZL13PIN_SW_SMOOTH
                0x08013f84        0x2 build/dualLooper.o
 *fill*         0x08013f86        0x2 
 .rodata._ZL15PIN_ADC_SPEED_A
                0x08013f88        0x2 build/dualLooper.o
 *fill*         0x08013f8a        0x2 
 .rodata._ZL15PIN_ADC_SPEED_B
                0x08013f8c        0x2 build/dualLooper.o
 *fill*         0x08013f8e        0x2 
 .rodata._ZL16PIN_SW_REVERSE_A
                0x08013f90        0x2 build/dualLooper.o
 *fill*         0x08013f92        0x2 
 .rodata._ZL16PIN_SW_REVERSE_B
                0x08013f94        0x2 build/dualLooper.o
 *fill*         0x08013f96        0x2 
 .rodata._ZL8PIN_FS_A
                0x08013f98        0x2 build/dualLooper.o
 *fill*         0x08013f9a        0x2 
 .rodata._ZL8PIN_FS_B
                0x08013f9c        0x2 build/dualLooper.o
 *fill*         0x08013f9e        0x2 
 .rodata._ZL9PIN_LED_A
                0x08013fa0        0x2 build/dualLooper.o
 *fill*         0x08013fa2        0x2 
 .rodata._ZL9PIN_LED_B
                0x08013fa4        0x2 build/dualLooper.o
 *fill*         0x08013fa6        0x2 
 .rodata._ZL16dsy_adc_rank_map
                0x08013fa8       0x40 ../libDaisy/build\libdaisy.a(adc.o)
 .rodata._ZN5daisy10QSPIHandle4Impl5GetAFEj.str1.4
                0x08013fe8        0x7 ../libDaisy/build\libdaisy.a(qspi.o)
 *fill*         0x08013fef        0x1 
 .rodata.CSWTCH.53
                0x08013ff0       0x14 ../libDaisy/build\libdaisy.a(sai.o)
 .rodata.D1CorePrescTable
                0x08014004       0x10 ../libDaisy/build\libdaisy.a(system_stm32h7xx.o)
                0x08014004                D1CorePrescTable
 .rodata.CSWTCH.24
                0x08014014        0x4 ../libDaisy/build\libdaisy.a(usbd_conf.o)
 .rodata.CSWTCH.19
                0x08014018        0x4 ../libDaisy/build\libdaisy.a(usbh_conf.o)
 .rodata.flagBitshiftOffset.0
                0x0801401c        0x8 ../libDaisy/build\libdaisy.a(stm32h7xx_hal_dma.o)
 .rodata._ZL13pins_none_spi
                0x08014024        0x3 ../libDaisy/build\libdaisy.a(spi.o)
 *fill*         0x08014027        0x1 
 .rodata._ZL16pins_periphs_spi
                0x08014028       0x60 ../libDaisy/build\libdaisy.a(spi.o)
 .rodata.CSWTCH.61
                0x08014088       0x29 ../libDaisy/build\libdaisy.a(stm32h7xx_hal_uart.o)
 *fill*         0x080140b1        0x3 
 .rodata.CSWTCH.62
                0x080140b4        0x6 ../libDaisy/build\libdaisy.a(stm32h7xx_hal_uart.o)
 *fill*         0x080140ba        0x2 
 .rodata.CSWTCH.69
                0x080140bc        0x6 ../libDaisy/build\libdaisy.a(stm32h7xx_hal_uart.o)
 *fill*         0x080140c2        0x2 
 .rodata.UARTPrescTable
                0x080140c4       0x18 ../libDaisy/build\libdaisy.a(stm32h7xx_hal_uart.o)
                0x080140c4                UARTPrescTable
 *fill*         0x080140dc        0x4 
 .rodata.__exp2f_data
                0x080140e0      0x148 c:/bin/daisytoolchain/bin/../lib/gcc/arm-none-eabi/10.2.1/../../../../arm-none-eabi/lib/thumb/v7e-m+dp/hard\libm.a(lib_a-sf_exp2_data.o)
                0x080140e0                __exp2f_data
 .rodata.__logf_data
                0x08014228      0x120 c:/bin/daisytoolchain/bin/../lib/gcc/arm-none-eabi/10.2.1/../../../../arm-none-eabi/lib/thumb/v7e-m+dp/hard\libm.a(lib_a-sf_log_data.o)
                0x08014228                __logf_data
 .rodata.__inv_pio4
                0x08014348       0x60 c:/bin/daisytoolchain/bin/../lib/gcc/arm-none-eabi/10.2.1/../../../../arm-none-eabi/lib/thumb/v7e-m+dp/hard\libm.a(lib_a-sincosf_data.o)
                0x08014348                __inv_pio4
 .rodata.__sincosf_table
                0x080143a8       0xe0 c:/bin/daisytoolchain/bin/../lib/gcc/arm-none-eabi/10.2.1/../../../../arm-none-eabi/lib/thumb/v7e-m+dp/hard\libm.a(lib_a-sincosf_data.o)
                0x080143a8                __sincosf_table
 .rodata.__sf_fake_stderr
                0x08014488       0x20 c:/bin/daisytoolchain/bin/../lib/gcc/arm-none-eabi/10.2.1/../../../../arm-none-eabi/lib/thumb/v7e-m+dp/hard\libc_nano.a(lib_a-findfp.o)
                0x08014488                __sf_fake_stderr
 .rodata.__sf_fake_stdin
                0x080144a8       0x20 c:/bin/daisytoolchain/bin/../lib/gcc/arm-none-eabi/10.2.1/../../../../arm-none-eabi/lib/thumb/v7e-m+dp/hard\libc_nano.a(lib_a-findfp.o)
                0x080144a8                __sf_fake_stdin
 .rodata.__sf_fake_stdout
                0x080144c8       0x20 c:/bin/daisytoolchain/bin/../lib/gcc/arm-none-eabi/10.2.1/../../../../arm-none-eabi/lib/thumb/v7e-m+dp/hard\libc_nano.a(lib_a-findfp.o)
                0x080144c8                __sf_fake_stdout
 *(.glue_7)
 .glue_7        0x080144e8        0x0 linker stubs
 *(.glue_7t)
 .glue_7t       0x080144e8        0x0 linker stubs
 *(.init)
 .init          0x080144e8        0x4 c:/bin/daisytoolchain/bin/../lib/gcc/arm-none-eabi/10.2.1/thumb/v7e-m+dp/hard/crti.o
                0x080144e8                _init
 .init          0x080144ec        0x8 c:/bin/daisytoolchain/bin/../lib/gcc/arm-none-eabi/10.2.1/thumb/v7e-m+dp/hard/crtn.o
 *(.fini)
 .fini          0x080144f4        0x4 c:/bin/daisytoolchain/bin/../lib/gcc/arm-none-eabi/10.2.1/thumb/v7e-m+dp/hard/crti.o
                0x080144f4                _fini
 .fini          0x080144f8        0x8 c:/bin/daisytoolchain/bin/../lib/gcc/arm-none-eabi/10.2.1/thumb/v7e-m+dp/hard/crtn.o
                0x08014500                . = ALIGN (0x4)
                0x08014500                _etext = .

.eh_frame       0x08014500        0x0